MPLINK 4.46, Linker
Linker Map File - Created Mon Sep 26 15:09:08 2016

                                 Section Info
                  Section       Type    Address   Location Size(Bytes)
                ---------  ---------  ---------  ---------  ---------
               _entry_scn       code   0x000000    program   0x000006
                   .cinit    romdata   0x000006    program   0x000002
              .code_pow.o       code   0x000008    program   0x000b1e
                     PROG       code   0x000b26    program   0x0005e6
              .code_exp.o       code   0x00110c    program   0x0005c6
              .code_log.o       code   0x0016d2    program   0x0004fa
               .code_TX.o       code   0x001bcc    program   0x000368
            .code_fchop.o       code   0x001f34    program   0x000292
            .code_ldexp.o       code   0x0021c6    program   0x000138
            .code_frexp.o       code   0x0022fe    program   0x000124
         .code_UnpkMath.o       code   0x002422    program   0x00011c
         .code_PackMath.o       code   0x00253e    program   0x00011a
               _cinit_scn       code   0x002658    program   0x00009e
             .code_fabs.o       code   0x0026f6    program   0x000066
           .code_t0read.o       code   0x00275c    program   0x00003e
          .code_t0write.o       code   0x00279a    program   0x000038
           .code_t0open.o       code   0x0027d2    program   0x000038
         .code_fxd1616u.o       code   0x00280a    program   0x00002c
              D1KTCYXCODE       code   0x002836    program   0x000020
                    .code       code   0x002856    program   0x000020
             _startup_scn       code   0x002876    program   0x00001c
             D100TCYXCODE       code   0x002892    program   0x00001c
              D10TCYXCODE       code   0x0028ae    program   0x000016
          .code_t0close.o       code   0x0028c4    program   0x000006
           .code___init.o       code   0x0028ca    program   0x000002
         .idata_errno.o_i    romdata   0x0028cc    program   0x000000
         .romdata_errno.o    romdata   0x0028cc    program   0x000000
            .code_errno.o       code   0x0028cc    program   0x000000
           .idata_exp.o_i    romdata   0x0028cc    program   0x000000
           .romdata_exp.o    romdata   0x0028cc    program   0x000000
       .idata_t0close.o_i    romdata   0x0028cc    program   0x000000
          .idata_fabs.o_i    romdata   0x0028cc    program   0x000000
          .romdata_fabs.o    romdata   0x0028cc    program   0x000000
            .romdata_TX.o    romdata   0x0028cc    program   0x000000
         .idata_frexp.o_i    romdata   0x0028cc    program   0x000000
         .romdata_frexp.o    romdata   0x0028cc    program   0x000000
            .idata_TX.o_i    romdata   0x0028cc    program   0x000000
         .idata_ldexp.o_i    romdata   0x0028cc    program   0x000000
         .romdata_ldexp.o    romdata   0x0028cc    program   0x000000
            .code_c018i.o       code   0x0028cc    program   0x000000
           .idata_log.o_i    romdata   0x0028cc    program   0x000000
           .romdata_log.o    romdata   0x0028cc    program   0x000000
         .romdata_c018i.o    romdata   0x0028cc    program   0x000000
         .idata_c018i.o_i    romdata   0x0028cc    program   0x000000
        .romdata_t0read.o    romdata   0x0028cc    program   0x000000
       .idata_t0write.o_i    romdata   0x0028cc    program   0x000000
       .romdata_t0write.o    romdata   0x0028cc    program   0x000000
        .idata_t0read.o_i    romdata   0x0028cc    program   0x000000
        .idata___init.o_i    romdata   0x0028cc    program   0x000000
        .romdata___init.o    romdata   0x0028cc    program   0x000000
        .romdata_t0open.o    romdata   0x0028cc    program   0x000000
           .idata_pow.o_i    romdata   0x0028cc    program   0x000000
           .romdata_pow.o    romdata   0x0028cc    program   0x000000
        .idata_t0open.o_i    romdata   0x0028cc    program   0x000000
      .idata_UnpkMath.o_i    romdata   0x0028cc    program   0x000000
      .romdata_UnpkMath.o    romdata   0x0028cc    program   0x000000
      .romdata_fxd1616u.o    romdata   0x0028cc    program   0x000000
         .idata_fchop.o_i    romdata   0x0028cc    program   0x000000
         .romdata_fchop.o    romdata   0x0028cc    program   0x000000
      .idata_fxd1616u.o_i    romdata   0x0028cc    program   0x000000
      .idata_PackMath.o_i    romdata   0x0028cc    program   0x000000
      .romdata_PackMath.o    romdata   0x0028cc    program   0x000000
       .romdata_t0close.o    romdata   0x0028cc    program   0x000000
                 .tmpdata      udata   0x000000       data   0x000020
                MATH_DATA      udata   0x000020       data   0x000014
                DELAYDAT1      udata   0x000034       data   0x000001
           .udata_c018i.o      udata   0x000060       data   0x00000a
           .udata_errno.o      udata   0x00006a       data   0x000002
              .udata_TX.o      udata   0x00006c       data   0x000002
        .idata_UnpkMath.o      idata   0x00006e       data   0x000000
           .udata_fchop.o      udata   0x00006e       data   0x000000
           .idata_fchop.o      idata   0x00006e       data   0x000000
        .udata_PackMath.o      udata   0x00006e       data   0x000000
        .idata_PackMath.o      idata   0x00006e       data   0x000000
           .idata_errno.o      idata   0x00006e       data   0x000000
             .udata_exp.o      udata   0x00006e       data   0x000000
             .idata_exp.o      idata   0x00006e       data   0x000000
            .udata_fabs.o      udata   0x00006e       data   0x000000
            .idata_fabs.o      idata   0x00006e       data   0x000000
           .udata_frexp.o      udata   0x00006e       data   0x000000
           .idata_frexp.o      idata   0x00006e       data   0x000000
           .udata_ldexp.o      udata   0x00006e       data   0x000000
           .idata_ldexp.o      idata   0x00006e       data   0x000000
             .udata_log.o      udata   0x00006e       data   0x000000
             .idata_log.o      idata   0x00006e       data   0x000000
           .idata_c018i.o      idata   0x00006e       data   0x000000
              .idata_TX.o      idata   0x00006e       data   0x000000
         .udata_t0close.o      udata   0x00006e       data   0x000000
         .idata_t0close.o      idata   0x00006e       data   0x000000
        .udata_fxd1616u.o      udata   0x00006e       data   0x000000
        .idata_fxd1616u.o      idata   0x00006e       data   0x000000
          .udata_t0open.o      udata   0x00006e       data   0x000000
          .idata_t0open.o      idata   0x00006e       data   0x000000
          .udata_t0read.o      udata   0x00006e       data   0x000000
          .idata_t0read.o      idata   0x00006e       data   0x000000
         .udata_t0write.o      udata   0x00006e       data   0x000000
         .idata_t0write.o      idata   0x00006e       data   0x000000
          .udata___init.o      udata   0x00006e       data   0x000000
          .idata___init.o      idata   0x00006e       data   0x000000
             .udata_pow.o      udata   0x00006e       data   0x000000
             .idata_pow.o      idata   0x00006e       data   0x000000
        .udata_UnpkMath.o      udata   0x00006e       data   0x000000
                   .stack      udata   0x000300       data   0x000100
            SFR_UNBANKED0      udata   0x000f62       data   0x00009e



                              Program Memory Usage 
                               Start         End      
                           ---------   ---------      
                            0x000000    0x0028cb      
            10444 out of 33048 program addresses used, program memory utilization is 31%



                              Symbols - Sorted by Name
                     Name    Address   Location    Storage File                     
                ---------  ---------  ---------  --------- ---------                
              CloseTimer0   0x0028c4    program     extern E:\3.45\pic18-lt\cxx-framework\src\pmc_common\Timers\t0close.c
                   D100_1   0x0028a0    program     static E:\3.45\pic18-lt\cxx-framework\src\traditional\delays\d100tcyx.asm
                    D100x   0x00289e    program     static E:\3.45\pic18-lt\cxx-framework\src\traditional\delays\d100tcyx.asm
                    D10_1   0x0028be    program     static E:\3.45\pic18-lt\cxx-framework\src\traditional\delays\d10tcyx.asm
                     D10x   0x0028b6    program     static E:\3.45\pic18-lt\cxx-framework\src\traditional\delays\d10tcyx.asm
                    D1K_1   0x002842    program     static E:\3.45\pic18-lt\cxx-framework\src\traditional\delays\d1ktcyx.asm
                     D1Kx   0x002840    program     static E:\3.45\pic18-lt\cxx-framework\src\traditional\delays\d1ktcyx.asm
             Delay100TCYx   0x002892    program     extern E:\3.45\pic18-lt\cxx-framework\src\traditional\delays\d100tcyx.asm
              Delay10TCYx   0x0028ae    program     extern E:\3.45\pic18-lt\cxx-framework\src\traditional\delays\d10tcyx.asm
              Delay1KTCYx   0x002836    program     extern E:\3.45\pic18-lt\cxx-framework\src\traditional\delays\d1ktcyx.asm
           DelayTXBitUART   0x001c44    program     extern J:\ISIS\FHS\TX.c         
                 FLO1632S   0x000b2a    program     extern E:\3.45\pic18-lt\cxx-framework\src\traditional\math\cast16FP.asm
                 FLO1632U   0x000b26    program     extern E:\3.45\pic18-lt\cxx-framework\src\traditional\math\cast16FP.asm
                    FPA32   0x000e3c    program     extern E:\3.45\pic18-lt\cxx-framework\src\traditional\math\addFP.asm
                    FPD32   0x000b50    program     extern E:\3.45\pic18-lt\cxx-framework\src\traditional\math\divFP.asm
                    FPM32   0x000bf6    program     extern E:\3.45\pic18-lt\cxx-framework\src\traditional\math\mulFP.asm
                    FPS32   0x000e3a    program     extern E:\3.45\pic18-lt\cxx-framework\src\traditional\math\addFP.asm
                 FXD1616U   0x00280a    program     extern E:\3.45\pic18-lt\cxx-framework\src\traditional\math\fxd1616u.c
                 FXM1616S   0x000f68    program     extern E:\3.45\pic18-lt\cxx-framework\src\traditional\math\fxm1616s.asm
                  INT3216   0x000cd0    program     extern E:\3.45\pic18-lt\cxx-framework\src\traditional\math\castFP16.asm
                  INT3232   0x000fc2    program     extern E:\3.45\pic18-lt\cxx-framework\src\traditional\math\castFP32.asm
                 Ini_Regs   0x001c64    program     extern J:\ISIS\FHS\TX.c         
               OpenTimer0   0x0027d2    program     extern E:\3.45\pic18-lt\cxx-framework\src\pmc_common\Timers\t0open.c
               ReadTimer0   0x00275c    program     extern E:\3.45\pic18-lt\cxx-framework\src\pmc_common\Timers\t0read.c
                  TAEQB32   0x001030    program     extern E:\3.45\pic18-lt\cxx-framework\src\traditional\math\eqFP.asm
                  TAGTB32   0x00103e    program     extern E:\3.45\pic18-lt\cxx-framework\src\traditional\math\gtFP.asm
                  TALTB32   0x001050    program     extern E:\3.45\pic18-lt\cxx-framework\src\traditional\math\ltFP.asm
               TSIGN1616A   0x000fb4    program     static E:\3.45\pic18-lt\cxx-framework\src\traditional\math\fxm1616s.asm
              WriteTimer0   0x00279a    program     extern E:\3.45\pic18-lt\cxx-framework\src\pmc_common\Timers\t0write.c
       _D100TCYXCODE_0008   0x00289a    program     static E:\3.45\pic18-lt\cxx-framework\src\traditional\delays\d100tcyx.asm
       _D100TCYXCODE_0012   0x0028a4    program     static E:\3.45\pic18-lt\cxx-framework\src\traditional\delays\d100tcyx.asm
       _D100TCYXCODE_0018   0x0028aa    program     static E:\3.45\pic18-lt\cxx-framework\src\traditional\delays\d100tcyx.asm
        _D10TCYXCODE_000A   0x0028b8    program     static E:\3.45\pic18-lt\cxx-framework\src\traditional\delays\d10tcyx.asm
        _D10TCYXCODE_000C   0x0028ba    program     static E:\3.45\pic18-lt\cxx-framework\src\traditional\delays\d10tcyx.asm
        _D10TCYXCODE_000E   0x0028bc    program     static E:\3.45\pic18-lt\cxx-framework\src\traditional\delays\d10tcyx.asm
        _D1KTCYXCODE_0010   0x002846    program     static E:\3.45\pic18-lt\cxx-framework\src\traditional\delays\d1ktcyx.asm
        _D1KTCYXCODE_0016   0x00284c    program     static E:\3.45\pic18-lt\cxx-framework\src\traditional\delays\d1ktcyx.asm
                _PackMath   0x00253e    program     extern E:\3.45\pic18-lt\cxx-framework\src\traditional\stdclib\PackMath.c
                _UnpkMath   0x002422    program     extern E:\3.45\pic18-lt\cxx-framework\src\traditional\stdclib\UnpkMath.c
              __FpCompare   0x001062    program     extern E:\3.45\pic18-lt\cxx-framework\src\traditional\math\compFP.asm
                 __FpExit   0x000d3a    program     extern E:\3.45\pic18-lt\cxx-framework\src\traditional\math\packFP.asm
                 __FpPack   0x000d66    program     extern E:\3.45\pic18-lt\cxx-framework\src\traditional\math\packFP.asm
            __FpReturnNaN   0x000d2e    program     extern E:\3.45\pic18-lt\cxx-framework\src\traditional\math\packFP.asm
         __FpReturnNegInf   0x000d40    program     extern E:\3.45\pic18-lt\cxx-framework\src\traditional\math\packFP.asm
        __FpReturnNegZero   0x000d58    program     extern E:\3.45\pic18-lt\cxx-framework\src\traditional\math\packFP.asm
         __FpReturnPosInf   0x000d46    program     extern E:\3.45\pic18-lt\cxx-framework\src\traditional\math\packFP.asm
        __FpReturnPosZero   0x000d60    program     extern E:\3.45\pic18-lt\cxx-framework\src\traditional\math\packFP.asm
        __FpReturnSignInf   0x000d3c    program     extern E:\3.45\pic18-lt\cxx-framework\src\traditional\math\packFP.asm
       __FpReturnSignZero   0x000d54    program     extern E:\3.45\pic18-lt\cxx-framework\src\traditional\math\packFP.asm
              __FpReturnW   0x000dbe    program     extern E:\3.45\pic18-lt\cxx-framework\src\traditional\math\packFP.asm
              __FpUnPackA   0x000dde    program     extern E:\3.45\pic18-lt\cxx-framework\src\traditional\math\UnpackFP.asm
              __FpUnPackB   0x000e0e    program     extern E:\3.45\pic18-lt\cxx-framework\src\traditional\math\UnpackFP.asm
       ___return_lbl00000   0x000004    program     static                          
       ___return_lbl00000   0x002834    program     static                          
       ___return_lbl00001   0x002890    program     static                          
       ___return_lbl00002   0x0026f4    program     static                          
                   __init   0x0028ca    program     extern E:\3.45\pic18-lt\cxx-framework\src\traditional\stdclib\__init.c
                   __pa_0   0x000830    program     static E:\3.45\pic18-lt\cxx-framework\src\traditional\stdclib\pow.c
                   __pa_0   0x002530    program     static E:\3.45\pic18-lt\cxx-framework\src\traditional\stdclib\UnpkMath.c
                   __pa_0   0x002406    program     static E:\3.45\pic18-lt\cxx-framework\src\traditional\stdclib\frexp.c
                   __pa_0   0x0021ae    program     static E:\3.45\pic18-lt\cxx-framework\src\traditional\stdclib\fchop.c
                   __pa_0   0x0022f4    program     static E:\3.45\pic18-lt\cxx-framework\src\traditional\stdclib\ldexp.c
                   __pa_0   0x002606    program     static E:\3.45\pic18-lt\cxx-framework\src\traditional\stdclib\PackMath.c
                   __pa_0   0x001a98    program     static E:\3.45\pic18-lt\cxx-framework\src\traditional\stdclib\log.c
                   __pa_0   0x00159c    program     static E:\3.45\pic18-lt\cxx-framework\src\traditional\stdclib\exp.c
                   __pa_1   0x000846    program     static E:\3.45\pic18-lt\cxx-framework\src\traditional\stdclib\pow.c
                   __pa_1   0x0021b8    program     static E:\3.45\pic18-lt\cxx-framework\src\traditional\stdclib\fchop.c
                   __pa_1   0x002616    program     static E:\3.45\pic18-lt\cxx-framework\src\traditional\stdclib\PackMath.c
                   __pa_1   0x0015a4    program     static E:\3.45\pic18-lt\cxx-framework\src\traditional\stdclib\exp.c
                   __pa_1   0x001aa4    program     static E:\3.45\pic18-lt\cxx-framework\src\traditional\stdclib\log.c
                   __pa_1   0x002414    program     static E:\3.45\pic18-lt\cxx-framework\src\traditional\stdclib\frexp.c
                  __pa_10   0x001b5a    program     static E:\3.45\pic18-lt\cxx-framework\src\traditional\stdclib\log.c
                  __pa_10   0x000940    program     static E:\3.45\pic18-lt\cxx-framework\src\traditional\stdclib\pow.c
                  __pa_10   0x001682    program     static E:\3.45\pic18-lt\cxx-framework\src\traditional\stdclib\exp.c
                  __pa_11   0x001b62    program     static E:\3.45\pic18-lt\cxx-framework\src\traditional\stdclib\log.c
                  __pa_11   0x000966    program     static E:\3.45\pic18-lt\cxx-framework\src\traditional\stdclib\pow.c
                  __pa_11   0x001694    program     static E:\3.45\pic18-lt\cxx-framework\src\traditional\stdclib\exp.c
                  __pa_12   0x001b74    program     static E:\3.45\pic18-lt\cxx-framework\src\traditional\stdclib\log.c
                  __pa_12   0x000978    program     static E:\3.45\pic18-lt\cxx-framework\src\traditional\stdclib\pow.c
                  __pa_12   0x0016a6    program     static E:\3.45\pic18-lt\cxx-framework\src\traditional\stdclib\exp.c
                  __pa_13   0x001b8e    program     static E:\3.45\pic18-lt\cxx-framework\src\traditional\stdclib\log.c
                  __pa_13   0x00098a    program     static E:\3.45\pic18-lt\cxx-framework\src\traditional\stdclib\pow.c
                  __pa_13   0x0016b2    program     static E:\3.45\pic18-lt\cxx-framework\src\traditional\stdclib\exp.c
                  __pa_14   0x001ba0    program     static E:\3.45\pic18-lt\cxx-framework\src\traditional\stdclib\log.c
                  __pa_14   0x0016c0    program     static E:\3.45\pic18-lt\cxx-framework\src\traditional\stdclib\exp.c
                  __pa_14   0x000994    program     static E:\3.45\pic18-lt\cxx-framework\src\traditional\stdclib\pow.c
                  __pa_15   0x001bb2    program     static E:\3.45\pic18-lt\cxx-framework\src\traditional\stdclib\log.c
                  __pa_15   0x0016ca    program     static E:\3.45\pic18-lt\cxx-framework\src\traditional\stdclib\exp.c
                  __pa_15   0x0009ae    program     static E:\3.45\pic18-lt\cxx-framework\src\traditional\stdclib\pow.c
                  __pa_16   0x001bbe    program     static E:\3.45\pic18-lt\cxx-framework\src\traditional\stdclib\log.c
                  __pa_16   0x0009c6    program     static E:\3.45\pic18-lt\cxx-framework\src\traditional\stdclib\pow.c
                  __pa_17   0x0009d4    program     static E:\3.45\pic18-lt\cxx-framework\src\traditional\stdclib\pow.c
                  __pa_18   0x0009e2    program     static E:\3.45\pic18-lt\cxx-framework\src\traditional\stdclib\pow.c
                  __pa_19   0x0009ea    program     static E:\3.45\pic18-lt\cxx-framework\src\traditional\stdclib\pow.c
                   __pa_2   0x001ab6    program     static E:\3.45\pic18-lt\cxx-framework\src\traditional\stdclib\log.c
                   __pa_2   0x00084e    program     static E:\3.45\pic18-lt\cxx-framework\src\traditional\stdclib\pow.c
                   __pa_2   0x0015c4    program     static E:\3.45\pic18-lt\cxx-framework\src\traditional\stdclib\exp.c
                   __pa_2   0x002624    program     static E:\3.45\pic18-lt\cxx-framework\src\traditional\stdclib\PackMath.c
                  __pa_20   0x0009fc    program     static E:\3.45\pic18-lt\cxx-framework\src\traditional\stdclib\pow.c
                  __pa_21   0x000a08    program     static E:\3.45\pic18-lt\cxx-framework\src\traditional\stdclib\pow.c
                  __pa_22   0x000a1a    program     static E:\3.45\pic18-lt\cxx-framework\src\traditional\stdclib\pow.c
                  __pa_23   0x000a2c    program     static E:\3.45\pic18-lt\cxx-framework\src\traditional\stdclib\pow.c
                  __pa_24   0x000a38    program     static E:\3.45\pic18-lt\cxx-framework\src\traditional\stdclib\pow.c
                  __pa_25   0x000a44    program     static E:\3.45\pic18-lt\cxx-framework\src\traditional\stdclib\pow.c
                  __pa_26   0x000a54    program     static E:\3.45\pic18-lt\cxx-framework\src\traditional\stdclib\pow.c
                  __pa_27   0x000a62    program     static E:\3.45\pic18-lt\cxx-framework\src\traditional\stdclib\pow.c
                  __pa_28   0x000a6c    program     static E:\3.45\pic18-lt\cxx-framework\src\traditional\stdclib\pow.c
                  __pa_29   0x000a74    program     static E:\3.45\pic18-lt\cxx-framework\src\traditional\stdclib\pow.c
                   __pa_3   0x001ad2    program     static E:\3.45\pic18-lt\cxx-framework\src\traditional\stdclib\log.c
                   __pa_3   0x0015de    program     static E:\3.45\pic18-lt\cxx-framework\src\traditional\stdclib\exp.c
                   __pa_3   0x00262e    program     static E:\3.45\pic18-lt\cxx-framework\src\traditional\stdclib\PackMath.c
                   __pa_3   0x000868    program     static E:\3.45\pic18-lt\cxx-framework\src\traditional\stdclib\pow.c
                  __pa_30   0x000a7c    program     static E:\3.45\pic18-lt\cxx-framework\src\traditional\stdclib\pow.c
                  __pa_31   0x000a8e    program     static E:\3.45\pic18-lt\cxx-framework\src\traditional\stdclib\pow.c
                  __pa_32   0x000a9a    program     static E:\3.45\pic18-lt\cxx-framework\src\traditional\stdclib\pow.c
                  __pa_33   0x000aa0    program     static E:\3.45\pic18-lt\cxx-framework\src\traditional\stdclib\pow.c
                  __pa_34   0x000aa8    program     static E:\3.45\pic18-lt\cxx-framework\src\traditional\stdclib\pow.c
                  __pa_35   0x000ab4    program     static E:\3.45\pic18-lt\cxx-framework\src\traditional\stdclib\pow.c
                  __pa_36   0x000ac2    program     static E:\3.45\pic18-lt\cxx-framework\src\traditional\stdclib\pow.c
                  __pa_37   0x000aca    program     static E:\3.45\pic18-lt\cxx-framework\src\traditional\stdclib\pow.c
                  __pa_38   0x000ad4    program     static E:\3.45\pic18-lt\cxx-framework\src\traditional\stdclib\pow.c
                  __pa_39   0x000adc    program     static E:\3.45\pic18-lt\cxx-framework\src\traditional\stdclib\pow.c
                   __pa_4   0x001ad8    program     static E:\3.45\pic18-lt\cxx-framework\src\traditional\stdclib\log.c
                   __pa_4   0x00263c    program     static E:\3.45\pic18-lt\cxx-framework\src\traditional\stdclib\PackMath.c
                   __pa_4   0x0015ee    program     static E:\3.45\pic18-lt\cxx-framework\src\traditional\stdclib\exp.c
                   __pa_4   0x0008ac    program     static E:\3.45\pic18-lt\cxx-framework\src\traditional\stdclib\pow.c
                  __pa_40   0x000ae6    program     static E:\3.45\pic18-lt\cxx-framework\src\traditional\stdclib\pow.c
                  __pa_41   0x000af4    program     static E:\3.45\pic18-lt\cxx-framework\src\traditional\stdclib\pow.c
                  __pa_42   0x000afc    program     static E:\3.45\pic18-lt\cxx-framework\src\traditional\stdclib\pow.c
                  __pa_43   0x000b08    program     static E:\3.45\pic18-lt\cxx-framework\src\traditional\stdclib\pow.c
                  __pa_44   0x000b16    program     static E:\3.45\pic18-lt\cxx-framework\src\traditional\stdclib\pow.c
                  __pa_45   0x000b20    program     static E:\3.45\pic18-lt\cxx-framework\src\traditional\stdclib\pow.c
                   __pa_5   0x002644    program     static E:\3.45\pic18-lt\cxx-framework\src\traditional\stdclib\PackMath.c
                   __pa_5   0x001ae2    program     static E:\3.45\pic18-lt\cxx-framework\src\traditional\stdclib\log.c
                   __pa_5   0x001600    program     static E:\3.45\pic18-lt\cxx-framework\src\traditional\stdclib\exp.c
                   __pa_5   0x0008d0    program     static E:\3.45\pic18-lt\cxx-framework\src\traditional\stdclib\pow.c
                   __pa_6   0x00264c    program     static E:\3.45\pic18-lt\cxx-framework\src\traditional\stdclib\PackMath.c
                   __pa_6   0x001b00    program     static E:\3.45\pic18-lt\cxx-framework\src\traditional\stdclib\log.c
                   __pa_6   0x001616    program     static E:\3.45\pic18-lt\cxx-framework\src\traditional\stdclib\exp.c
                   __pa_6   0x0008de    program     static E:\3.45\pic18-lt\cxx-framework\src\traditional\stdclib\pow.c
                   __pa_7   0x001634    program     static E:\3.45\pic18-lt\cxx-framework\src\traditional\stdclib\exp.c
                   __pa_7   0x001b1a    program     static E:\3.45\pic18-lt\cxx-framework\src\traditional\stdclib\log.c
                   __pa_7   0x0008f2    program     static E:\3.45\pic18-lt\cxx-framework\src\traditional\stdclib\pow.c
                   __pa_8   0x001b34    program     static E:\3.45\pic18-lt\cxx-framework\src\traditional\stdclib\log.c
                   __pa_8   0x001650    program     static E:\3.45\pic18-lt\cxx-framework\src\traditional\stdclib\exp.c
                   __pa_8   0x00090c    program     static E:\3.45\pic18-lt\cxx-framework\src\traditional\stdclib\pow.c
                   __pa_9   0x001b4a    program     static E:\3.45\pic18-lt\cxx-framework\src\traditional\stdclib\log.c
                   __pa_9   0x00166e    program     static E:\3.45\pic18-lt\cxx-framework\src\traditional\stdclib\exp.c
                   __pa_9   0x000926    program     static E:\3.45\pic18-lt\cxx-framework\src\traditional\stdclib\pow.c
            __zero_memory   0x002856    program     extern E:\3.45\pic18-lt\cxx-framework\src\traditional\proc\p18f4550.asm
                _do_cinit   0x002658    program     extern E:\3.45\pic18-lt\cxx-framework\src\traditional\startup\c018i.c
                   _entry   0x000000    program     extern E:\3.45\pic18-lt\cxx-framework\src\traditional\startup\c018i.c
                   _fchop   0x001f34    program     extern E:\3.45\pic18-lt\cxx-framework\src\traditional\stdclib\fchop.c
                 _startup   0x002876    program     extern E:\3.45\pic18-lt\cxx-framework\src\traditional\startup\c018i.c
        calculaVelocidade   0x001ce8    program     extern J:\ISIS\FHS\TX.c         
                compare_l   0x00286c    program     static E:\3.45\pic18-lt\cxx-framework\src\traditional\proc\p18f4550.asm
                copy_loop   0x0026ca    program     static                          
            copy_one_byte   0x0026d0    program     static                          
                     done   0x0026f4    program     static                          
             done_copying   0x0026de    program     static                          
                  endloop   0x002830    program     static                          
          enviaVelocidade   0x001ecc    program     extern J:\ISIS\FHS\TX.c         
                      exp   0x00110c    program     extern E:\3.45\pic18-lt\cxx-framework\src\traditional\stdclib\exp.c
                     fabs   0x0026f6    program     extern E:\3.45\pic18-lt\cxx-framework\src\traditional\stdclib\fabs.c
                    frexp   0x0022fe    program     extern E:\3.45\pic18-lt\cxx-framework\src\traditional\stdclib\frexp.c
                 jANotInf   0x000c14    program     static E:\3.45\pic18-lt\cxx-framework\src\traditional\math\mulFP.asm
                 jANotInf   0x000e64    program     static E:\3.45\pic18-lt\cxx-framework\src\traditional\math\addFP.asm
                 jANotInf   0x000b6e    program     static E:\3.45\pic18-lt\cxx-framework\src\traditional\math\divFP.asm
                 jANotNeg   0x000ef8    program     static E:\3.45\pic18-lt\cxx-framework\src\traditional\math\addFP.asm
                jANotZero   0x000b82    program     static E:\3.45\pic18-lt\cxx-framework\src\traditional\math\divFP.asm
              jAandWsetup   0x000ec8    program     static E:\3.45\pic18-lt\cxx-framework\src\traditional\math\addFP.asm
                  jAisNeg   0x0010de    program     static E:\3.45\pic18-lt\cxx-framework\src\traditional\math\compFP.asm
                 jAltBexp   0x000eb6    program     static E:\3.45\pic18-lt\cxx-framework\src\traditional\math\addFP.asm
                jBANotInf   0x000e5a    program     static E:\3.45\pic18-lt\cxx-framework\src\traditional\math\addFP.asm
                 jBNotInf   0x000e72    program     static E:\3.45\pic18-lt\cxx-framework\src\traditional\math\addFP.asm
              jBothFinite   0x000c22    program     static E:\3.45\pic18-lt\cxx-framework\src\traditional\math\mulFP.asm
             jBothNotZero   0x000c2e    program     static E:\3.45\pic18-lt\cxx-framework\src\traditional\math\mulFP.asm
             jBothNotZero   0x001080    program     static E:\3.45\pic18-lt\cxx-framework\src\traditional\math\compFP.asm
            jDifOrPosSign   0x000e86    program     static E:\3.45\pic18-lt\cxx-framework\src\traditional\math\addFP.asm
                      jEQ   0x00109c    program     static E:\3.45\pic18-lt\cxx-framework\src\traditional\math\compFP.asm
                    jExch   0x0010a8    program     static E:\3.45\pic18-lt\cxx-framework\src\traditional\math\compFP.asm
                    jExit   0x000d2c    program     static E:\3.45\pic18-lt\cxx-framework\src\traditional\math\castFP16.asm
                    jExit   0x00102e    program     static E:\3.45\pic18-lt\cxx-framework\src\traditional\math\castFP32.asm
                   jExpEQ   0x0010ee    program     static E:\3.45\pic18-lt\cxx-framework\src\traditional\math\compFP.asm
                   jFinal   0x0010d2    program     static E:\3.45\pic18-lt\cxx-framework\src\traditional\math\compFP.asm
               jFinalSign   0x000f60    program     static E:\3.45\pic18-lt\cxx-framework\src\traditional\math\addFP.asm
                jHaveZero   0x000c2a    program     static E:\3.45\pic18-lt\cxx-framework\src\traditional\math\mulFP.asm
                jI2F16Beg   0x000b3a    program     static E:\3.45\pic18-lt\cxx-framework\src\traditional\math\cast16FP.asm
                    jLoop   0x000baa    program     static E:\3.45\pic18-lt\cxx-framework\src\traditional\math\divFP.asm
                    jLoop   0x000d0c    program     static E:\3.45\pic18-lt\cxx-framework\src\traditional\math\castFP16.asm
                    jLoop   0x001002    program     static E:\3.45\pic18-lt\cxx-framework\src\traditional\math\castFP32.asm
                jLoopExit   0x001016    program     static E:\3.45\pic18-lt\cxx-framework\src\traditional\math\castFP32.asm
                jLoopExit   0x000d1c    program     static E:\3.45\pic18-lt\cxx-framework\src\traditional\math\castFP16.asm
                     jMax   0x000fd2    program     static E:\3.45\pic18-lt\cxx-framework\src\traditional\math\castFP32.asm
                     jMax   0x000ce0    program     static E:\3.45\pic18-lt\cxx-framework\src\traditional\math\castFP16.asm
                  jMaxNeg   0x000fe4    program     static E:\3.45\pic18-lt\cxx-framework\src\traditional\math\castFP32.asm
                  jMaxNeg   0x000cee    program     static E:\3.45\pic18-lt\cxx-framework\src\traditional\math\castFP16.asm
                  jMaxPos   0x000ce4    program     static E:\3.45\pic18-lt\cxx-framework\src\traditional\math\castFP16.asm
                  jMaxPos   0x000fd6    program     static E:\3.45\pic18-lt\cxx-framework\src\traditional\math\castFP32.asm
                      jNE   0x0010a0    program     static E:\3.45\pic18-lt\cxx-framework\src\traditional\math\compFP.asm
                    jNext   0x000bd0    program     static E:\3.45\pic18-lt\cxx-framework\src\traditional\math\divFP.asm
                jNoAdjust   0x000bce    program     static E:\3.45\pic18-lt\cxx-framework\src\traditional\math\divFP.asm
                  jNoExch   0x0010c8    program     static E:\3.45\pic18-lt\cxx-framework\src\traditional\math\compFP.asm
             jNotBothZero   0x000e8a    program     static E:\3.45\pic18-lt\cxx-framework\src\traditional\math\addFP.asm
                  jNotInf   0x000ff0    program     static E:\3.45\pic18-lt\cxx-framework\src\traditional\math\castFP32.asm
                  jNotInf   0x000cfc    program     static E:\3.45\pic18-lt\cxx-framework\src\traditional\math\castFP16.asm
                  jPkLoop   0x000d74    program     static E:\3.45\pic18-lt\cxx-framework\src\traditional\math\packFP.asm
             jPkRoundDone   0x000dbe    program     static E:\3.45\pic18-lt\cxx-framework\src\traditional\math\packFP.asm
               jPkRoundIt   0x000da6    program     static E:\3.45\pic18-lt\cxx-framework\src\traditional\math\packFP.asm
             jPkShiftDone   0x000d90    program     static E:\3.45\pic18-lt\cxx-framework\src\traditional\math\packFP.asm
           jReturnPosInf0   0x000d4a    program     static E:\3.45\pic18-lt\cxx-framework\src\traditional\math\packFP.asm
                  jRotate   0x0010fa    program     static E:\3.45\pic18-lt\cxx-framework\src\traditional\math\compFP.asm
                   jShift   0x0010e4    program     static E:\3.45\pic18-lt\cxx-framework\src\traditional\math\compFP.asm
               jShiftDone   0x000f20    program     static E:\3.45\pic18-lt\cxx-framework\src\traditional\math\addFP.asm
               jShiftLoop   0x000f12    program     static E:\3.45\pic18-lt\cxx-framework\src\traditional\math\addFP.asm
                jSignDone   0x000f50    program     static E:\3.45\pic18-lt\cxx-framework\src\traditional\math\addFP.asm
              jSignedZero   0x000b78    program     static E:\3.45\pic18-lt\cxx-framework\src\traditional\math\divFP.asm
                 jSignsEQ   0x001084    program     static E:\3.45\pic18-lt\cxx-framework\src\traditional\math\compFP.asm
                  jUnpkA1   0x000de8    program     static E:\3.45\pic18-lt\cxx-framework\src\traditional\math\UnpackFP.asm
                  jUnpkA2   0x000e00    program     static E:\3.45\pic18-lt\cxx-framework\src\traditional\math\UnpackFP.asm
                 jUnpkANZ   0x000df6    program     static E:\3.45\pic18-lt\cxx-framework\src\traditional\math\UnpackFP.asm
                  jUnpkB1   0x000e18    program     static E:\3.45\pic18-lt\cxx-framework\src\traditional\math\UnpackFP.asm
                  jUnpkB2   0x000e30    program     static E:\3.45\pic18-lt\cxx-framework\src\traditional\math\UnpackFP.asm
                 jUnpkBNZ   0x000e26    program     static E:\3.45\pic18-lt\cxx-framework\src\traditional\math\UnpackFP.asm
                 jUnpkNaN   0x000e0a    program     static E:\3.45\pic18-lt\cxx-framework\src\traditional\math\UnpackFP.asm
                 jWNotNeg   0x000f0c    program     static E:\3.45\pic18-lt\cxx-framework\src\traditional\math\addFP.asm
                   jWr123   0x000fdc    program     static E:\3.45\pic18-lt\cxx-framework\src\traditional\math\castFP32.asm
                  jWrZ123   0x000fec    program     static E:\3.45\pic18-lt\cxx-framework\src\traditional\math\castFP32.asm
                    jZero   0x000cf6    program     static E:\3.45\pic18-lt\cxx-framework\src\traditional\math\castFP16.asm
                    jZero   0x000fea    program     static E:\3.45\pic18-lt\cxx-framework\src\traditional\math\castFP32.asm
               jZero1and2   0x000d4e    program     static E:\3.45\pic18-lt\cxx-framework\src\traditional\math\packFP.asm
                    ldexp   0x0021c6    program     extern E:\3.45\pic18-lt\cxx-framework\src\traditional\stdclib\ldexp.c
               leSensores   0x001c82    program     extern J:\ISIS\FHS\TX.c         
                      log   0x0016d2    program     extern E:\3.45\pic18-lt\cxx-framework\src\traditional\stdclib\log.c
                     loop   0x002886    program     static                          
                     loop   0x002814    program     static                          
                   loop_h   0x002864    program     static E:\3.45\pic18-lt\cxx-framework\src\traditional\proc\p18f4550.asm
                   loop_l   0x00286e    program     static E:\3.45\pic18-lt\cxx-framework\src\traditional\proc\p18f4550.asm
                     main   0x001bcc    program     extern J:\ISIS\FHS\TX.c         
                      pow   0x000008    program     extern E:\3.45\pic18-lt\cxx-framework\src\traditional\stdclib\pow.c
                     test   0x002672    program     static                          
               zero_block   0x002864    program     static E:\3.45\pic18-lt\cxx-framework\src\traditional\proc\p18f4550.asm
                   ADCON0   0x000fc2       data     extern E:\3.45\pic18-lt\cxx-framework\src\traditional\proc\p18f4550.asm
               ADCON0bits   0x000fc2       data     extern E:\3.45\pic18-lt\cxx-framework\src\traditional\proc\p18f4550.asm
                   ADCON1   0x000fc1       data     extern E:\3.45\pic18-lt\cxx-framework\src\traditional\proc\p18f4550.asm
               ADCON1bits   0x000fc1       data     extern E:\3.45\pic18-lt\cxx-framework\src\traditional\proc\p18f4550.asm
                   ADCON2   0x000fc0       data     extern E:\3.45\pic18-lt\cxx-framework\src\traditional\proc\p18f4550.asm
               ADCON2bits   0x000fc0       data     extern E:\3.45\pic18-lt\cxx-framework\src\traditional\proc\p18f4550.asm
                    ADRES   0x000fc3       data     extern E:\3.45\pic18-lt\cxx-framework\src\traditional\proc\p18f4550.asm
                   ADRESH   0x000fc4       data     extern E:\3.45\pic18-lt\cxx-framework\src\traditional\proc\p18f4550.asm
                   ADRESL   0x000fc3       data     extern E:\3.45\pic18-lt\cxx-framework\src\traditional\proc\p18f4550.asm
                  BAUDCON   0x000fb8       data     extern E:\3.45\pic18-lt\cxx-framework\src\traditional\proc\p18f4550.asm
              BAUDCONbits   0x000fb8       data     extern E:\3.45\pic18-lt\cxx-framework\src\traditional\proc\p18f4550.asm
                  BAUDCTL   0x000fb8       data     extern E:\3.45\pic18-lt\cxx-framework\src\traditional\proc\p18f4550.asm
              BAUDCTLbits   0x000fb8       data     extern E:\3.45\pic18-lt\cxx-framework\src\traditional\proc\p18f4550.asm
                      BSR   0x000fe0       data     extern E:\3.45\pic18-lt\cxx-framework\src\traditional\proc\p18f4550.asm
                   CCP1AS   0x000fb6       data     extern E:\3.45\pic18-lt\cxx-framework\src\traditional\proc\p18f4550.asm
               CCP1ASbits   0x000fb6       data     extern E:\3.45\pic18-lt\cxx-framework\src\traditional\proc\p18f4550.asm
                  CCP1CON   0x000fbd       data     extern E:\3.45\pic18-lt\cxx-framework\src\traditional\proc\p18f4550.asm
              CCP1CONbits   0x000fbd       data     extern E:\3.45\pic18-lt\cxx-framework\src\traditional\proc\p18f4550.asm
                  CCP1DEL   0x000fb7       data     extern E:\3.45\pic18-lt\cxx-framework\src\traditional\proc\p18f4550.asm
              CCP1DELbits   0x000fb7       data     extern E:\3.45\pic18-lt\cxx-framework\src\traditional\proc\p18f4550.asm
                  CCP2CON   0x000fba       data     extern E:\3.45\pic18-lt\cxx-framework\src\traditional\proc\p18f4550.asm
              CCP2CONbits   0x000fba       data     extern E:\3.45\pic18-lt\cxx-framework\src\traditional\proc\p18f4550.asm
                    CCPR1   0x000fbe       data     extern E:\3.45\pic18-lt\cxx-framework\src\traditional\proc\p18f4550.asm
                   CCPR1H   0x000fbf       data     extern E:\3.45\pic18-lt\cxx-framework\src\traditional\proc\p18f4550.asm
                   CCPR1L   0x000fbe       data     extern E:\3.45\pic18-lt\cxx-framework\src\traditional\proc\p18f4550.asm
                    CCPR2   0x000fbb       data     extern E:\3.45\pic18-lt\cxx-framework\src\traditional\proc\p18f4550.asm
                   CCPR2H   0x000fbc       data     extern E:\3.45\pic18-lt\cxx-framework\src\traditional\proc\p18f4550.asm
                   CCPR2L   0x000fbb       data     extern E:\3.45\pic18-lt\cxx-framework\src\traditional\proc\p18f4550.asm
                    CMCON   0x000fb4       data     extern E:\3.45\pic18-lt\cxx-framework\src\traditional\proc\p18f4550.asm
                CMCONbits   0x000fb4       data     extern E:\3.45\pic18-lt\cxx-framework\src\traditional\proc\p18f4550.asm
                   CVRCON   0x000fb5       data     extern E:\3.45\pic18-lt\cxx-framework\src\traditional\proc\p18f4550.asm
               CVRCONbits   0x000fb5       data     extern E:\3.45\pic18-lt\cxx-framework\src\traditional\proc\p18f4550.asm
                     DDRA   0x000f92       data     extern E:\3.45\pic18-lt\cxx-framework\src\traditional\proc\p18f4550.asm
                 DDRAbits   0x000f92       data     extern E:\3.45\pic18-lt\cxx-framework\src\traditional\proc\p18f4550.asm
                     DDRB   0x000f93       data     extern E:\3.45\pic18-lt\cxx-framework\src\traditional\proc\p18f4550.asm
                 DDRBbits   0x000f93       data     extern E:\3.45\pic18-lt\cxx-framework\src\traditional\proc\p18f4550.asm
                     DDRC   0x000f94       data     extern E:\3.45\pic18-lt\cxx-framework\src\traditional\proc\p18f4550.asm
                 DDRCbits   0x000f94       data     extern E:\3.45\pic18-lt\cxx-framework\src\traditional\proc\p18f4550.asm
                     DDRD   0x000f95       data     extern E:\3.45\pic18-lt\cxx-framework\src\traditional\proc\p18f4550.asm
                 DDRDbits   0x000f95       data     extern E:\3.45\pic18-lt\cxx-framework\src\traditional\proc\p18f4550.asm
                     DDRE   0x000f96       data     extern E:\3.45\pic18-lt\cxx-framework\src\traditional\proc\p18f4550.asm
                 DDREbits   0x000f96       data     extern E:\3.45\pic18-lt\cxx-framework\src\traditional\proc\p18f4550.asm
            DelayCounter1   0x000034       data     extern E:\3.45\pic18-lt\cxx-framework\src\traditional\delays\delayd1.asm
                  ECCP1AS   0x000fb6       data     extern E:\3.45\pic18-lt\cxx-framework\src\traditional\proc\p18f4550.asm
              ECCP1ASbits   0x000fb6       data     extern E:\3.45\pic18-lt\cxx-framework\src\traditional\proc\p18f4550.asm
                 ECCP1CON   0x000fbd       data     extern E:\3.45\pic18-lt\cxx-framework\src\traditional\proc\p18f4550.asm
             ECCP1CONbits   0x000fbd       data     extern E:\3.45\pic18-lt\cxx-framework\src\traditional\proc\p18f4550.asm
                 ECCP1DEL   0x000fb7       data     extern E:\3.45\pic18-lt\cxx-framework\src\traditional\proc\p18f4550.asm
             ECCP1DELbits   0x000fb7       data     extern E:\3.45\pic18-lt\cxx-framework\src\traditional\proc\p18f4550.asm
                    EEADR   0x000fa9       data     extern E:\3.45\pic18-lt\cxx-framework\src\traditional\proc\p18f4550.asm
                   EECON1   0x000fa6       data     extern E:\3.45\pic18-lt\cxx-framework\src\traditional\proc\p18f4550.asm
               EECON1bits   0x000fa6       data     extern E:\3.45\pic18-lt\cxx-framework\src\traditional\proc\p18f4550.asm
                   EECON2   0x000fa7       data     extern E:\3.45\pic18-lt\cxx-framework\src\traditional\proc\p18f4550.asm
                   EEDATA   0x000fa8       data     extern E:\3.45\pic18-lt\cxx-framework\src\traditional\proc\p18f4550.asm
                     FSR0   0x000fe9       data     extern E:\3.45\pic18-lt\cxx-framework\src\traditional\proc\p18f4550.asm
                    FSR0H   0x000fea       data     extern E:\3.45\pic18-lt\cxx-framework\src\traditional\proc\p18f4550.asm
                    FSR0L   0x000fe9       data     extern E:\3.45\pic18-lt\cxx-framework\src\traditional\proc\p18f4550.asm
                     FSR1   0x000fe1       data     extern E:\3.45\pic18-lt\cxx-framework\src\traditional\proc\p18f4550.asm
                    FSR1H   0x000fe2       data     extern E:\3.45\pic18-lt\cxx-framework\src\traditional\proc\p18f4550.asm
                    FSR1L   0x000fe1       data     extern E:\3.45\pic18-lt\cxx-framework\src\traditional\proc\p18f4550.asm
                     FSR2   0x000fd9       data     extern E:\3.45\pic18-lt\cxx-framework\src\traditional\proc\p18f4550.asm
                    FSR2H   0x000fda       data     extern E:\3.45\pic18-lt\cxx-framework\src\traditional\proc\p18f4550.asm
                    FSR2L   0x000fd9       data     extern E:\3.45\pic18-lt\cxx-framework\src\traditional\proc\p18f4550.asm
                  HLVDCON   0x000fd2       data     extern E:\3.45\pic18-lt\cxx-framework\src\traditional\proc\p18f4550.asm
              HLVDCONbits   0x000fd2       data     extern E:\3.45\pic18-lt\cxx-framework\src\traditional\proc\p18f4550.asm
                    INDF0   0x000fef       data     extern E:\3.45\pic18-lt\cxx-framework\src\traditional\proc\p18f4550.asm
                    INDF1   0x000fe7       data     extern E:\3.45\pic18-lt\cxx-framework\src\traditional\proc\p18f4550.asm
                    INDF2   0x000fdf       data     extern E:\3.45\pic18-lt\cxx-framework\src\traditional\proc\p18f4550.asm
                   INTCON   0x000ff2       data     extern E:\3.45\pic18-lt\cxx-framework\src\traditional\proc\p18f4550.asm
                  INTCON2   0x000ff1       data     extern E:\3.45\pic18-lt\cxx-framework\src\traditional\proc\p18f4550.asm
              INTCON2bits   0x000ff1       data     extern E:\3.45\pic18-lt\cxx-framework\src\traditional\proc\p18f4550.asm
                  INTCON3   0x000ff0       data     extern E:\3.45\pic18-lt\cxx-framework\src\traditional\proc\p18f4550.asm
              INTCON3bits   0x000ff0       data     extern E:\3.45\pic18-lt\cxx-framework\src\traditional\proc\p18f4550.asm
               INTCONbits   0x000ff2       data     extern E:\3.45\pic18-lt\cxx-framework\src\traditional\proc\p18f4550.asm
                     IPR1   0x000f9f       data     extern E:\3.45\pic18-lt\cxx-framework\src\traditional\proc\p18f4550.asm
                 IPR1bits   0x000f9f       data     extern E:\3.45\pic18-lt\cxx-framework\src\traditional\proc\p18f4550.asm
                     IPR2   0x000fa2       data     extern E:\3.45\pic18-lt\cxx-framework\src\traditional\proc\p18f4550.asm
                 IPR2bits   0x000fa2       data     extern E:\3.45\pic18-lt\cxx-framework\src\traditional\proc\p18f4550.asm
                     LATA   0x000f89       data     extern E:\3.45\pic18-lt\cxx-framework\src\traditional\proc\p18f4550.asm
                 LATAbits   0x000f89       data     extern E:\3.45\pic18-lt\cxx-framework\src\traditional\proc\p18f4550.asm
                     LATB   0x000f8a       data     extern E:\3.45\pic18-lt\cxx-framework\src\traditional\proc\p18f4550.asm
                 LATBbits   0x000f8a       data     extern E:\3.45\pic18-lt\cxx-framework\src\traditional\proc\p18f4550.asm
                     LATC   0x000f8b       data     extern E:\3.45\pic18-lt\cxx-framework\src\traditional\proc\p18f4550.asm
                 LATCbits   0x000f8b       data     extern E:\3.45\pic18-lt\cxx-framework\src\traditional\proc\p18f4550.asm
                     LATD   0x000f8c       data     extern E:\3.45\pic18-lt\cxx-framework\src\traditional\proc\p18f4550.asm
                 LATDbits   0x000f8c       data     extern E:\3.45\pic18-lt\cxx-framework\src\traditional\proc\p18f4550.asm
                     LATE   0x000f8d       data     extern E:\3.45\pic18-lt\cxx-framework\src\traditional\proc\p18f4550.asm
                 LATEbits   0x000f8d       data     extern E:\3.45\pic18-lt\cxx-framework\src\traditional\proc\p18f4550.asm
                   LVDCON   0x000fd2       data     extern E:\3.45\pic18-lt\cxx-framework\src\traditional\proc\p18f4550.asm
               LVDCONbits   0x000fd2       data     extern E:\3.45\pic18-lt\cxx-framework\src\traditional\proc\p18f4550.asm
                   OSCCON   0x000fd3       data     extern E:\3.45\pic18-lt\cxx-framework\src\traditional\proc\p18f4550.asm
               OSCCONbits   0x000fd3       data     extern E:\3.45\pic18-lt\cxx-framework\src\traditional\proc\p18f4550.asm
                  OSCTUNE   0x000f9b       data     extern E:\3.45\pic18-lt\cxx-framework\src\traditional\proc\p18f4550.asm
              OSCTUNEbits   0x000f9b       data     extern E:\3.45\pic18-lt\cxx-framework\src\traditional\proc\p18f4550.asm
                       PC   0x000ff9       data     extern E:\3.45\pic18-lt\cxx-framework\src\traditional\proc\p18f4550.asm
                      PCL   0x000ff9       data     extern E:\3.45\pic18-lt\cxx-framework\src\traditional\proc\p18f4550.asm
                   PCLATH   0x000ffa       data     extern E:\3.45\pic18-lt\cxx-framework\src\traditional\proc\p18f4550.asm
                   PCLATU   0x000ffb       data     extern E:\3.45\pic18-lt\cxx-framework\src\traditional\proc\p18f4550.asm
                     PIE1   0x000f9d       data     extern E:\3.45\pic18-lt\cxx-framework\src\traditional\proc\p18f4550.asm
                 PIE1bits   0x000f9d       data     extern E:\3.45\pic18-lt\cxx-framework\src\traditional\proc\p18f4550.asm
                     PIE2   0x000fa0       data     extern E:\3.45\pic18-lt\cxx-framework\src\traditional\proc\p18f4550.asm
                 PIE2bits   0x000fa0       data     extern E:\3.45\pic18-lt\cxx-framework\src\traditional\proc\p18f4550.asm
                     PIR1   0x000f9e       data     extern E:\3.45\pic18-lt\cxx-framework\src\traditional\proc\p18f4550.asm
                 PIR1bits   0x000f9e       data     extern E:\3.45\pic18-lt\cxx-framework\src\traditional\proc\p18f4550.asm
                     PIR2   0x000fa1       data     extern E:\3.45\pic18-lt\cxx-framework\src\traditional\proc\p18f4550.asm
                 PIR2bits   0x000fa1       data     extern E:\3.45\pic18-lt\cxx-framework\src\traditional\proc\p18f4550.asm
                   PLUSW0   0x000feb       data     extern E:\3.45\pic18-lt\cxx-framework\src\traditional\proc\p18f4550.asm
                   PLUSW1   0x000fe3       data     extern E:\3.45\pic18-lt\cxx-framework\src\traditional\proc\p18f4550.asm
                   PLUSW2   0x000fdb       data     extern E:\3.45\pic18-lt\cxx-framework\src\traditional\proc\p18f4550.asm
                    PORTA   0x000f80       data     extern E:\3.45\pic18-lt\cxx-framework\src\traditional\proc\p18f4550.asm
                PORTAbits   0x000f80       data     extern E:\3.45\pic18-lt\cxx-framework\src\traditional\proc\p18f4550.asm
                    PORTB   0x000f81       data     extern E:\3.45\pic18-lt\cxx-framework\src\traditional\proc\p18f4550.asm
                PORTBbits   0x000f81       data     extern E:\3.45\pic18-lt\cxx-framework\src\traditional\proc\p18f4550.asm
                    PORTC   0x000f82       data     extern E:\3.45\pic18-lt\cxx-framework\src\traditional\proc\p18f4550.asm
                PORTCbits   0x000f82       data     extern E:\3.45\pic18-lt\cxx-framework\src\traditional\proc\p18f4550.asm
                    PORTD   0x000f83       data     extern E:\3.45\pic18-lt\cxx-framework\src\traditional\proc\p18f4550.asm
                PORTDbits   0x000f83       data     extern E:\3.45\pic18-lt\cxx-framework\src\traditional\proc\p18f4550.asm
                    PORTE   0x000f84       data     extern E:\3.45\pic18-lt\cxx-framework\src\traditional\proc\p18f4550.asm
                PORTEbits   0x000f84       data     extern E:\3.45\pic18-lt\cxx-framework\src\traditional\proc\p18f4550.asm
                 POSTDEC0   0x000fed       data     extern E:\3.45\pic18-lt\cxx-framework\src\traditional\proc\p18f4550.asm
                 POSTDEC1   0x000fe5       data     extern E:\3.45\pic18-lt\cxx-framework\src\traditional\proc\p18f4550.asm
                 POSTDEC2   0x000fdd       data     extern E:\3.45\pic18-lt\cxx-framework\src\traditional\proc\p18f4550.asm
                 POSTINC0   0x000fee       data     extern E:\3.45\pic18-lt\cxx-framework\src\traditional\proc\p18f4550.asm
                 POSTINC1   0x000fe6       data     extern E:\3.45\pic18-lt\cxx-framework\src\traditional\proc\p18f4550.asm
                 POSTINC2   0x000fde       data     extern E:\3.45\pic18-lt\cxx-framework\src\traditional\proc\p18f4550.asm
                      PR2   0x000fcb       data     extern E:\3.45\pic18-lt\cxx-framework\src\traditional\proc\p18f4550.asm
                  PREINC0   0x000fec       data     extern E:\3.45\pic18-lt\cxx-framework\src\traditional\proc\p18f4550.asm
                  PREINC1   0x000fe4       data     extern E:\3.45\pic18-lt\cxx-framework\src\traditional\proc\p18f4550.asm
                  PREINC2   0x000fdc       data     extern E:\3.45\pic18-lt\cxx-framework\src\traditional\proc\p18f4550.asm
                     PROD   0x000ff3       data     extern E:\3.45\pic18-lt\cxx-framework\src\traditional\proc\p18f4550.asm
                    PRODH   0x000ff4       data     extern E:\3.45\pic18-lt\cxx-framework\src\traditional\proc\p18f4550.asm
                    PRODL   0x000ff3       data     extern E:\3.45\pic18-lt\cxx-framework\src\traditional\proc\p18f4550.asm
                     RCON   0x000fd0       data     extern E:\3.45\pic18-lt\cxx-framework\src\traditional\proc\p18f4550.asm
                 RCONbits   0x000fd0       data     extern E:\3.45\pic18-lt\cxx-framework\src\traditional\proc\p18f4550.asm
                    RCREG   0x000fae       data     extern E:\3.45\pic18-lt\cxx-framework\src\traditional\proc\p18f4550.asm
                    RCSTA   0x000fab       data     extern E:\3.45\pic18-lt\cxx-framework\src\traditional\proc\p18f4550.asm
                RCSTAbits   0x000fab       data     extern E:\3.45\pic18-lt\cxx-framework\src\traditional\proc\p18f4550.asm
                     SIGN   0x00002e       data     extern E:\3.45\pic18-lt\cxx-framework\src\traditional\math\cmath18.asm
                    SPBRG   0x000faf       data     extern E:\3.45\pic18-lt\cxx-framework\src\traditional\proc\p18f4550.asm
                   SPBRGH   0x000fb0       data     extern E:\3.45\pic18-lt\cxx-framework\src\traditional\proc\p18f4550.asm
                   SPPCFG   0x000f63       data     extern E:\3.45\pic18-lt\cxx-framework\src\traditional\proc\p18f4550.asm
               SPPCFGbits   0x000f63       data     extern E:\3.45\pic18-lt\cxx-framework\src\traditional\proc\p18f4550.asm
                   SPPCON   0x000f65       data     extern E:\3.45\pic18-lt\cxx-framework\src\traditional\proc\p18f4550.asm
               SPPCONbits   0x000f65       data     extern E:\3.45\pic18-lt\cxx-framework\src\traditional\proc\p18f4550.asm
                  SPPDATA   0x000f62       data     extern E:\3.45\pic18-lt\cxx-framework\src\traditional\proc\p18f4550.asm
                   SPPEPS   0x000f64       data     extern E:\3.45\pic18-lt\cxx-framework\src\traditional\proc\p18f4550.asm
               SPPEPSbits   0x000f64       data     extern E:\3.45\pic18-lt\cxx-framework\src\traditional\proc\p18f4550.asm
                   SSPADD   0x000fc8       data     extern E:\3.45\pic18-lt\cxx-framework\src\traditional\proc\p18f4550.asm
                   SSPBUF   0x000fc9       data     extern E:\3.45\pic18-lt\cxx-framework\src\traditional\proc\p18f4550.asm
                  SSPCON1   0x000fc6       data     extern E:\3.45\pic18-lt\cxx-framework\src\traditional\proc\p18f4550.asm
              SSPCON1bits   0x000fc6       data     extern E:\3.45\pic18-lt\cxx-framework\src\traditional\proc\p18f4550.asm
                  SSPCON2   0x000fc5       data     extern E:\3.45\pic18-lt\cxx-framework\src\traditional\proc\p18f4550.asm
              SSPCON2bits   0x000fc5       data     extern E:\3.45\pic18-lt\cxx-framework\src\traditional\proc\p18f4550.asm
                  SSPSTAT   0x000fc7       data     extern E:\3.45\pic18-lt\cxx-framework\src\traditional\proc\p18f4550.asm
              SSPSTATbits   0x000fc7       data     extern E:\3.45\pic18-lt\cxx-framework\src\traditional\proc\p18f4550.asm
                   STATUS   0x000fd8       data     extern E:\3.45\pic18-lt\cxx-framework\src\traditional\proc\p18f4550.asm
               STATUSbits   0x000fd8       data     extern E:\3.45\pic18-lt\cxx-framework\src\traditional\proc\p18f4550.asm
                   STKPTR   0x000ffc       data     extern E:\3.45\pic18-lt\cxx-framework\src\traditional\proc\p18f4550.asm
               STKPTRbits   0x000ffc       data     extern E:\3.45\pic18-lt\cxx-framework\src\traditional\proc\p18f4550.asm
                    T0CON   0x000fd5       data     extern E:\3.45\pic18-lt\cxx-framework\src\traditional\proc\p18f4550.asm
                T0CONbits   0x000fd5       data     extern E:\3.45\pic18-lt\cxx-framework\src\traditional\proc\p18f4550.asm
                    T1CON   0x000fcd       data     extern E:\3.45\pic18-lt\cxx-framework\src\traditional\proc\p18f4550.asm
                T1CONbits   0x000fcd       data     extern E:\3.45\pic18-lt\cxx-framework\src\traditional\proc\p18f4550.asm
                    T2CON   0x000fca       data     extern E:\3.45\pic18-lt\cxx-framework\src\traditional\proc\p18f4550.asm
                T2CONbits   0x000fca       data     extern E:\3.45\pic18-lt\cxx-framework\src\traditional\proc\p18f4550.asm
                    T3CON   0x000fb1       data     extern E:\3.45\pic18-lt\cxx-framework\src\traditional\proc\p18f4550.asm
                T3CONbits   0x000fb1       data     extern E:\3.45\pic18-lt\cxx-framework\src\traditional\proc\p18f4550.asm
                   TABLAT   0x000ff5       data     extern E:\3.45\pic18-lt\cxx-framework\src\traditional\proc\p18f4550.asm
                   TBLPTR   0x000ff6       data     extern E:\3.45\pic18-lt\cxx-framework\src\traditional\proc\p18f4550.asm
                  TBLPTRH   0x000ff7       data     extern E:\3.45\pic18-lt\cxx-framework\src\traditional\proc\p18f4550.asm
                  TBLPTRL   0x000ff6       data     extern E:\3.45\pic18-lt\cxx-framework\src\traditional\proc\p18f4550.asm
                  TBLPTRU   0x000ff8       data     extern E:\3.45\pic18-lt\cxx-framework\src\traditional\proc\p18f4550.asm
                    TMR0H   0x000fd7       data     extern E:\3.45\pic18-lt\cxx-framework\src\traditional\proc\p18f4550.asm
                    TMR0L   0x000fd6       data     extern E:\3.45\pic18-lt\cxx-framework\src\traditional\proc\p18f4550.asm
                    TMR1H   0x000fcf       data     extern E:\3.45\pic18-lt\cxx-framework\src\traditional\proc\p18f4550.asm
                    TMR1L   0x000fce       data     extern E:\3.45\pic18-lt\cxx-framework\src\traditional\proc\p18f4550.asm
                     TMR2   0x000fcc       data     extern E:\3.45\pic18-lt\cxx-framework\src\traditional\proc\p18f4550.asm
                    TMR3H   0x000fb3       data     extern E:\3.45\pic18-lt\cxx-framework\src\traditional\proc\p18f4550.asm
                    TMR3L   0x000fb2       data     extern E:\3.45\pic18-lt\cxx-framework\src\traditional\proc\p18f4550.asm
                      TOS   0x000ffd       data     extern E:\3.45\pic18-lt\cxx-framework\src\traditional\proc\p18f4550.asm
                     TOSH   0x000ffe       data     extern E:\3.45\pic18-lt\cxx-framework\src\traditional\proc\p18f4550.asm
                     TOSL   0x000ffd       data     extern E:\3.45\pic18-lt\cxx-framework\src\traditional\proc\p18f4550.asm
                     TOSU   0x000fff       data     extern E:\3.45\pic18-lt\cxx-framework\src\traditional\proc\p18f4550.asm
                    TRISA   0x000f92       data     extern E:\3.45\pic18-lt\cxx-framework\src\traditional\proc\p18f4550.asm
                TRISAbits   0x000f92       data     extern E:\3.45\pic18-lt\cxx-framework\src\traditional\proc\p18f4550.asm
                    TRISB   0x000f93       data     extern E:\3.45\pic18-lt\cxx-framework\src\traditional\proc\p18f4550.asm
                TRISBbits   0x000f93       data     extern E:\3.45\pic18-lt\cxx-framework\src\traditional\proc\p18f4550.asm
                    TRISC   0x000f94       data     extern E:\3.45\pic18-lt\cxx-framework\src\traditional\proc\p18f4550.asm
                TRISCbits   0x000f94       data     extern E:\3.45\pic18-lt\cxx-framework\src\traditional\proc\p18f4550.asm
                    TRISD   0x000f95       data     extern E:\3.45\pic18-lt\cxx-framework\src\traditional\proc\p18f4550.asm
                TRISDbits   0x000f95       data     extern E:\3.45\pic18-lt\cxx-framework\src\traditional\proc\p18f4550.asm
                    TRISE   0x000f96       data     extern E:\3.45\pic18-lt\cxx-framework\src\traditional\proc\p18f4550.asm
                TRISEbits   0x000f96       data     extern E:\3.45\pic18-lt\cxx-framework\src\traditional\proc\p18f4550.asm
                    TXREG   0x000fad       data     extern E:\3.45\pic18-lt\cxx-framework\src\traditional\proc\p18f4550.asm
                    TXSTA   0x000fac       data     extern E:\3.45\pic18-lt\cxx-framework\src\traditional\proc\p18f4550.asm
                TXSTAbits   0x000fac       data     extern E:\3.45\pic18-lt\cxx-framework\src\traditional\proc\p18f4550.asm
                    UADDR   0x000f6e       data     extern E:\3.45\pic18-lt\cxx-framework\src\traditional\proc\p18f4550.asm
                UADDRbits   0x000f6e       data     extern E:\3.45\pic18-lt\cxx-framework\src\traditional\proc\p18f4550.asm
                     UCFG   0x000f6f       data     extern E:\3.45\pic18-lt\cxx-framework\src\traditional\proc\p18f4550.asm
                 UCFGbits   0x000f6f       data     extern E:\3.45\pic18-lt\cxx-framework\src\traditional\proc\p18f4550.asm
                     UCON   0x000f6d       data     extern E:\3.45\pic18-lt\cxx-framework\src\traditional\proc\p18f4550.asm
                 UCONbits   0x000f6d       data     extern E:\3.45\pic18-lt\cxx-framework\src\traditional\proc\p18f4550.asm
                     UEIE   0x000f6b       data     extern E:\3.45\pic18-lt\cxx-framework\src\traditional\proc\p18f4550.asm
                 UEIEbits   0x000f6b       data     extern E:\3.45\pic18-lt\cxx-framework\src\traditional\proc\p18f4550.asm
                     UEIR   0x000f6a       data     extern E:\3.45\pic18-lt\cxx-framework\src\traditional\proc\p18f4550.asm
                 UEIRbits   0x000f6a       data     extern E:\3.45\pic18-lt\cxx-framework\src\traditional\proc\p18f4550.asm
                     UEP0   0x000f70       data     extern E:\3.45\pic18-lt\cxx-framework\src\traditional\proc\p18f4550.asm
                 UEP0bits   0x000f70       data     extern E:\3.45\pic18-lt\cxx-framework\src\traditional\proc\p18f4550.asm
                     UEP1   0x000f71       data     extern E:\3.45\pic18-lt\cxx-framework\src\traditional\proc\p18f4550.asm
                    UEP10   0x000f7a       data     extern E:\3.45\pic18-lt\cxx-framework\src\traditional\proc\p18f4550.asm
                UEP10bits   0x000f7a       data     extern E:\3.45\pic18-lt\cxx-framework\src\traditional\proc\p18f4550.asm
                    UEP11   0x000f7b       data     extern E:\3.45\pic18-lt\cxx-framework\src\traditional\proc\p18f4550.asm
                UEP11bits   0x000f7b       data     extern E:\3.45\pic18-lt\cxx-framework\src\traditional\proc\p18f4550.asm
                    UEP12   0x000f7c       data     extern E:\3.45\pic18-lt\cxx-framework\src\traditional\proc\p18f4550.asm
                UEP12bits   0x000f7c       data     extern E:\3.45\pic18-lt\cxx-framework\src\traditional\proc\p18f4550.asm
                    UEP13   0x000f7d       data     extern E:\3.45\pic18-lt\cxx-framework\src\traditional\proc\p18f4550.asm
                UEP13bits   0x000f7d       data     extern E:\3.45\pic18-lt\cxx-framework\src\traditional\proc\p18f4550.asm
                    UEP14   0x000f7e       data     extern E:\3.45\pic18-lt\cxx-framework\src\traditional\proc\p18f4550.asm
                UEP14bits   0x000f7e       data     extern E:\3.45\pic18-lt\cxx-framework\src\traditional\proc\p18f4550.asm
                    UEP15   0x000f7f       data     extern E:\3.45\pic18-lt\cxx-framework\src\traditional\proc\p18f4550.asm
                UEP15bits   0x000f7f       data     extern E:\3.45\pic18-lt\cxx-framework\src\traditional\proc\p18f4550.asm
                 UEP1bits   0x000f71       data     extern E:\3.45\pic18-lt\cxx-framework\src\traditional\proc\p18f4550.asm
                     UEP2   0x000f72       data     extern E:\3.45\pic18-lt\cxx-framework\src\traditional\proc\p18f4550.asm
                 UEP2bits   0x000f72       data     extern E:\3.45\pic18-lt\cxx-framework\src\traditional\proc\p18f4550.asm
                     UEP3   0x000f73       data     extern E:\3.45\pic18-lt\cxx-framework\src\traditional\proc\p18f4550.asm
                 UEP3bits   0x000f73       data     extern E:\3.45\pic18-lt\cxx-framework\src\traditional\proc\p18f4550.asm
                     UEP4   0x000f74       data     extern E:\3.45\pic18-lt\cxx-framework\src\traditional\proc\p18f4550.asm
                 UEP4bits   0x000f74       data     extern E:\3.45\pic18-lt\cxx-framework\src\traditional\proc\p18f4550.asm
                     UEP5   0x000f75       data     extern E:\3.45\pic18-lt\cxx-framework\src\traditional\proc\p18f4550.asm
                 UEP5bits   0x000f75       data     extern E:\3.45\pic18-lt\cxx-framework\src\traditional\proc\p18f4550.asm
                     UEP6   0x000f76       data     extern E:\3.45\pic18-lt\cxx-framework\src\traditional\proc\p18f4550.asm
                 UEP6bits   0x000f76       data     extern E:\3.45\pic18-lt\cxx-framework\src\traditional\proc\p18f4550.asm
                     UEP7   0x000f77       data     extern E:\3.45\pic18-lt\cxx-framework\src\traditional\proc\p18f4550.asm
                 UEP7bits   0x000f77       data     extern E:\3.45\pic18-lt\cxx-framework\src\traditional\proc\p18f4550.asm
                     UEP8   0x000f78       data     extern E:\3.45\pic18-lt\cxx-framework\src\traditional\proc\p18f4550.asm
                 UEP8bits   0x000f78       data     extern E:\3.45\pic18-lt\cxx-framework\src\traditional\proc\p18f4550.asm
                     UEP9   0x000f79       data     extern E:\3.45\pic18-lt\cxx-framework\src\traditional\proc\p18f4550.asm
                 UEP9bits   0x000f79       data     extern E:\3.45\pic18-lt\cxx-framework\src\traditional\proc\p18f4550.asm
                     UFRM   0x000f66       data     extern E:\3.45\pic18-lt\cxx-framework\src\traditional\proc\p18f4550.asm
                    UFRMH   0x000f67       data     extern E:\3.45\pic18-lt\cxx-framework\src\traditional\proc\p18f4550.asm
                UFRMHbits   0x000f67       data     extern E:\3.45\pic18-lt\cxx-framework\src\traditional\proc\p18f4550.asm
                    UFRML   0x000f66       data     extern E:\3.45\pic18-lt\cxx-framework\src\traditional\proc\p18f4550.asm
                UFRMLbits   0x000f66       data     extern E:\3.45\pic18-lt\cxx-framework\src\traditional\proc\p18f4550.asm
                      UIE   0x000f69       data     extern E:\3.45\pic18-lt\cxx-framework\src\traditional\proc\p18f4550.asm
                  UIEbits   0x000f69       data     extern E:\3.45\pic18-lt\cxx-framework\src\traditional\proc\p18f4550.asm
                      UIR   0x000f68       data     extern E:\3.45\pic18-lt\cxx-framework\src\traditional\proc\p18f4550.asm
                  UIRbits   0x000f68       data     extern E:\3.45\pic18-lt\cxx-framework\src\traditional\proc\p18f4550.asm
                    USTAT   0x000f6c       data     extern E:\3.45\pic18-lt\cxx-framework\src\traditional\proc\p18f4550.asm
                USTATbits   0x000f6c       data     extern E:\3.45\pic18-lt\cxx-framework\src\traditional\proc\p18f4550.asm
                   WDTCON   0x000fd1       data     extern E:\3.45\pic18-lt\cxx-framework\src\traditional\proc\p18f4550.asm
               WDTCONbits   0x000fd1       data     extern E:\3.45\pic18-lt\cxx-framework\src\traditional\proc\p18f4550.asm
                     WREG   0x000fe8       data     extern E:\3.45\pic18-lt\cxx-framework\src\traditional\proc\p18f4550.asm
                 __AARGB0   0x000027       data     extern E:\3.45\pic18-lt\cxx-framework\src\traditional\math\aarg.asm
                 __AARGB1   0x000026       data     extern E:\3.45\pic18-lt\cxx-framework\src\traditional\math\aarg.asm
                 __AARGB2   0x000025       data     extern E:\3.45\pic18-lt\cxx-framework\src\traditional\math\aarg.asm
                 __AARGB3   0x000024       data     extern E:\3.45\pic18-lt\cxx-framework\src\traditional\math\aarg.asm
                 __AARGB4   0x000023       data     extern E:\3.45\pic18-lt\cxx-framework\src\traditional\math\aarg.asm
                 __AARGB5   0x000022       data     extern E:\3.45\pic18-lt\cxx-framework\src\traditional\math\aarg.asm
                 __AARGB6   0x000021       data     extern E:\3.45\pic18-lt\cxx-framework\src\traditional\math\aarg.asm
                 __AARGB7   0x000020       data     extern E:\3.45\pic18-lt\cxx-framework\src\traditional\math\aarg.asm
                   __AEXP   0x000028       data     extern E:\3.45\pic18-lt\cxx-framework\src\traditional\math\aarg.asm
                 __BARGB0   0x00002c       data     extern E:\3.45\pic18-lt\cxx-framework\src\traditional\math\barg.asm
                 __BARGB1   0x00002b       data     extern E:\3.45\pic18-lt\cxx-framework\src\traditional\math\barg.asm
                 __BARGB2   0x00002a       data     extern E:\3.45\pic18-lt\cxx-framework\src\traditional\math\barg.asm
                 __BARGB3   0x000029       data     extern E:\3.45\pic18-lt\cxx-framework\src\traditional\math\barg.asm
                   __BEXP   0x00002d       data     extern E:\3.45\pic18-lt\cxx-framework\src\traditional\math\barg.asm
                __FPFLAGS   0x00002f       data     extern E:\3.45\pic18-lt\cxx-framework\src\traditional\math\cmath18.asm
            __FPFLAGSbits   0x00002f       data     extern E:\3.45\pic18-lt\cxx-framework\src\traditional\math\cmath18.asm
                  __REMB0   0x000023       data     extern E:\3.45\pic18-lt\cxx-framework\src\traditional\math\aarg.asm
                  __REMB1   0x000022       data     extern E:\3.45\pic18-lt\cxx-framework\src\traditional\math\aarg.asm
                  __REMB2   0x000021       data     extern E:\3.45\pic18-lt\cxx-framework\src\traditional\math\aarg.asm
                  __REMB3   0x000020       data     extern E:\3.45\pic18-lt\cxx-framework\src\traditional\math\aarg.asm
                   __TEMP   0x000033       data     extern E:\3.45\pic18-lt\cxx-framework\src\traditional\math\temparg.asm
                 __TEMPB0   0x000033       data     extern E:\3.45\pic18-lt\cxx-framework\src\traditional\math\temparg.asm
                 __TEMPB1   0x000032       data     extern E:\3.45\pic18-lt\cxx-framework\src\traditional\math\temparg.asm
                 __TEMPB2   0x000031       data     extern E:\3.45\pic18-lt\cxx-framework\src\traditional\math\temparg.asm
                 __TEMPB3   0x000030       data     extern E:\3.45\pic18-lt\cxx-framework\src\traditional\math\temparg.asm
                  __tmp_0   0x000000       data     static E:\3.45\pic18-lt\cxx-framework\src\traditional\stdclib\UnpkMath.c
                  __tmp_0   0x000000       data     static E:\3.45\pic18-lt\cxx-framework\src\traditional\stdclib\fchop.c
                  __tmp_0   0x000000       data     static E:\3.45\pic18-lt\cxx-framework\src\traditional\stdclib\PackMath.c
                  __tmp_0   0x000000       data     static E:\3.45\pic18-lt\cxx-framework\src\traditional\stdclib\exp.c
                  __tmp_0   0x000000       data     static E:\3.45\pic18-lt\cxx-framework\src\traditional\stdclib\fabs.c
                  __tmp_0   0x000000       data     static E:\3.45\pic18-lt\cxx-framework\src\traditional\stdclib\frexp.c
                  __tmp_0   0x000000       data     static E:\3.45\pic18-lt\cxx-framework\src\traditional\stdclib\ldexp.c
                  __tmp_0   0x000000       data     static E:\3.45\pic18-lt\cxx-framework\src\traditional\stdclib\log.c
                  __tmp_0   0x000000       data     static E:\3.45\pic18-lt\cxx-framework\src\traditional\stdclib\pow.c
                  __tmp_0   0x000000       data     static E:\3.45\pic18-lt\cxx-framework\src\pmc_common\Timers\t0read.c
                  __tmp_0   0x000000       data     static J:\ISIS\FHS\TX.c         
                curr_byte   0x000063       data     static E:\3.45\pic18-lt\cxx-framework\src\traditional\startup\c018i.c
               curr_entry   0x000065       data     static E:\3.45\pic18-lt\cxx-framework\src\traditional\startup\c018i.c
                 data_ptr   0x000067       data     static E:\3.45\pic18-lt\cxx-framework\src\traditional\startup\c018i.c
                   dezena   0x00006d       data     extern J:\ISIS\FHS\TX.c         
                    errno   0x00006a       data     extern E:\3.45\pic18-lt\cxx-framework\src\traditional\stdclib\errno.c
                     prom   0x000060       data     static E:\3.45\pic18-lt\cxx-framework\src\traditional\startup\c018i.c
                  unidade   0x00006c       data     extern J:\ISIS\FHS\TX.c         



                              Symbols - Sorted by Address
                     Name    Address   Location    Storage File                     
                ---------  ---------  ---------  --------- ---------                
                   _entry   0x000000    program     extern E:\3.45\pic18-lt\cxx-framework\src\traditional\startup\c018i.c
       ___return_lbl00000   0x000004    program     static                          
                      pow   0x000008    program     extern E:\3.45\pic18-lt\cxx-framework\src\traditional\stdclib\pow.c
                   __pa_0   0x000830    program     static E:\3.45\pic18-lt\cxx-framework\src\traditional\stdclib\pow.c
                   __pa_1   0x000846    program     static E:\3.45\pic18-lt\cxx-framework\src\traditional\stdclib\pow.c
                   __pa_2   0x00084e    program     static E:\3.45\pic18-lt\cxx-framework\src\traditional\stdclib\pow.c
                   __pa_3   0x000868    program     static E:\3.45\pic18-lt\cxx-framework\src\traditional\stdclib\pow.c
                   __pa_4   0x0008ac    program     static E:\3.45\pic18-lt\cxx-framework\src\traditional\stdclib\pow.c
                   __pa_5   0x0008d0    program     static E:\3.45\pic18-lt\cxx-framework\src\traditional\stdclib\pow.c
                   __pa_6   0x0008de    program     static E:\3.45\pic18-lt\cxx-framework\src\traditional\stdclib\pow.c
                   __pa_7   0x0008f2    program     static E:\3.45\pic18-lt\cxx-framework\src\traditional\stdclib\pow.c
                   __pa_8   0x00090c    program     static E:\3.45\pic18-lt\cxx-framework\src\traditional\stdclib\pow.c
                   __pa_9   0x000926    program     static E:\3.45\pic18-lt\cxx-framework\src\traditional\stdclib\pow.c
                  __pa_10   0x000940    program     static E:\3.45\pic18-lt\cxx-framework\src\traditional\stdclib\pow.c
                  __pa_11   0x000966    program     static E:\3.45\pic18-lt\cxx-framework\src\traditional\stdclib\pow.c
                  __pa_12   0x000978    program     static E:\3.45\pic18-lt\cxx-framework\src\traditional\stdclib\pow.c
                  __pa_13   0x00098a    program     static E:\3.45\pic18-lt\cxx-framework\src\traditional\stdclib\pow.c
                  __pa_14   0x000994    program     static E:\3.45\pic18-lt\cxx-framework\src\traditional\stdclib\pow.c
                  __pa_15   0x0009ae    program     static E:\3.45\pic18-lt\cxx-framework\src\traditional\stdclib\pow.c
                  __pa_16   0x0009c6    program     static E:\3.45\pic18-lt\cxx-framework\src\traditional\stdclib\pow.c
                  __pa_17   0x0009d4    program     static E:\3.45\pic18-lt\cxx-framework\src\traditional\stdclib\pow.c
                  __pa_18   0x0009e2    program     static E:\3.45\pic18-lt\cxx-framework\src\traditional\stdclib\pow.c
                  __pa_19   0x0009ea    program     static E:\3.45\pic18-lt\cxx-framework\src\traditional\stdclib\pow.c
                  __pa_20   0x0009fc    program     static E:\3.45\pic18-lt\cxx-framework\src\traditional\stdclib\pow.c
                  __pa_21   0x000a08    program     static E:\3.45\pic18-lt\cxx-framework\src\traditional\stdclib\pow.c
                  __pa_22   0x000a1a    program     static E:\3.45\pic18-lt\cxx-framework\src\traditional\stdclib\pow.c
                  __pa_23   0x000a2c    program     static E:\3.45\pic18-lt\cxx-framework\src\traditional\stdclib\pow.c
                  __pa_24   0x000a38    program     static E:\3.45\pic18-lt\cxx-framework\src\traditional\stdclib\pow.c
                  __pa_25   0x000a44    program     static E:\3.45\pic18-lt\cxx-framework\src\traditional\stdclib\pow.c
                  __pa_26   0x000a54    program     static E:\3.45\pic18-lt\cxx-framework\src\traditional\stdclib\pow.c
                  __pa_27   0x000a62    program     static E:\3.45\pic18-lt\cxx-framework\src\traditional\stdclib\pow.c
                  __pa_28   0x000a6c    program     static E:\3.45\pic18-lt\cxx-framework\src\traditional\stdclib\pow.c
                  __pa_29   0x000a74    program     static E:\3.45\pic18-lt\cxx-framework\src\traditional\stdclib\pow.c
                  __pa_30   0x000a7c    program     static E:\3.45\pic18-lt\cxx-framework\src\traditional\stdclib\pow.c
                  __pa_31   0x000a8e    program     static E:\3.45\pic18-lt\cxx-framework\src\traditional\stdclib\pow.c
                  __pa_32   0x000a9a    program     static E:\3.45\pic18-lt\cxx-framework\src\traditional\stdclib\pow.c
                  __pa_33   0x000aa0    program     static E:\3.45\pic18-lt\cxx-framework\src\traditional\stdclib\pow.c
                  __pa_34   0x000aa8    program     static E:\3.45\pic18-lt\cxx-framework\src\traditional\stdclib\pow.c
                  __pa_35   0x000ab4    program     static E:\3.45\pic18-lt\cxx-framework\src\traditional\stdclib\pow.c
                  __pa_36   0x000ac2    program     static E:\3.45\pic18-lt\cxx-framework\src\traditional\stdclib\pow.c
                  __pa_37   0x000aca    program     static E:\3.45\pic18-lt\cxx-framework\src\traditional\stdclib\pow.c
                  __pa_38   0x000ad4    program     static E:\3.45\pic18-lt\cxx-framework\src\traditional\stdclib\pow.c
                  __pa_39   0x000adc    program     static E:\3.45\pic18-lt\cxx-framework\src\traditional\stdclib\pow.c
                  __pa_40   0x000ae6    program     static E:\3.45\pic18-lt\cxx-framework\src\traditional\stdclib\pow.c
                  __pa_41   0x000af4    program     static E:\3.45\pic18-lt\cxx-framework\src\traditional\stdclib\pow.c
                  __pa_42   0x000afc    program     static E:\3.45\pic18-lt\cxx-framework\src\traditional\stdclib\pow.c
                  __pa_43   0x000b08    program     static E:\3.45\pic18-lt\cxx-framework\src\traditional\stdclib\pow.c
                  __pa_44   0x000b16    program     static E:\3.45\pic18-lt\cxx-framework\src\traditional\stdclib\pow.c
[...]
                    TRISC   0x000f94       data     extern E:\3.45\pic18-lt\cxx-framework\src\traditional\proc\p18f4550.asm
                     DDRD   0x000f95       data     extern E:\3.45\pic18-lt\cxx-framework\src\traditional\proc\p18f4550.asm
                 DDRDbits   0x000f95       data     extern E:\3.45\pic18-lt\cxx-framework\src\traditional\proc\p18f4550.asm
                    TRISD   0x000f95       data     extern E:\3.45\pic18-lt\cxx-framework\src\traditional\proc\p18f4550.asm
                TRISDbits   0x000f95       data     extern E:\3.45\pic18-lt\cxx-framework\src\traditional\proc\p18f4550.asm
                     DDRE   0x000f96       data     extern E:\3.45\pic18-lt\cxx-framework\src\traditional\proc\p18f4550.asm
                 DDREbits   0x000f96       data     extern E:\3.45\pic18-lt\cxx-framework\src\traditional\proc\p18f4550.asm
                    TRISE   0x000f96       data     extern E:\3.45\pic18-lt\cxx-framework\src\traditional\proc\p18f4550.asm
                TRISEbits   0x000f96       data     extern E:\3.45\pic18-lt\cxx-framework\src\traditional\proc\p18f4550.asm
                  OSCTUNE   0x000f9b       data     extern E:\3.45\pic18-lt\cxx-framework\src\traditional\proc\p18f4550.asm
              OSCTUNEbits   0x000f9b       data     extern E:\3.45\pic18-lt\cxx-framework\src\traditional\proc\p18f4550.asm
                     PIE1   0x000f9d       data     extern E:\3.45\pic18-lt\cxx-framework\src\traditional\proc\p18f4550.asm
                 PIE1bits   0x000f9d       data     extern E:\3.45\pic18-lt\cxx-framework\src\traditional\proc\p18f4550.asm
                 PIR1bits   0x000f9e       data     extern E:\3.45\pic18-lt\cxx-framework\src\traditional\proc\p18f4550.asm
                     PIR1   0x000f9e       data     extern E:\3.45\pic18-lt\cxx-framework\src\traditional\proc\p18f4550.asm
                 IPR1bits   0x000f9f       data     extern E:\3.45\pic18-lt\cxx-framework\src\traditional\proc\p18f4550.asm
                     IPR1   0x000f9f       data     extern E:\3.45\pic18-lt\cxx-framework\src\traditional\proc\p18f4550.asm
                     PIE2   0x000fa0       data     extern E:\3.45\pic18-lt\cxx-framework\src\traditional\proc\p18f4550.asm
                 PIE2bits   0x000fa0       data     extern E:\3.45\pic18-lt\cxx-framework\src\traditional\proc\p18f4550.asm
                     PIR2   0x000fa1       data     extern E:\3.45\pic18-lt\cxx-framework\src\traditional\proc\p18f4550.asm
                 PIR2bits   0x000fa1       data     extern E:\3.45\pic18-lt\cxx-framework\src\traditional\proc\p18f4550.asm
                 IPR2bits   0x000fa2       data     extern E:\3.45\pic18-lt\cxx-framework\src\traditional\proc\p18f4550.asm
                     IPR2   0x000fa2       data     extern E:\3.45\pic18-lt\cxx-framework\src\traditional\proc\p18f4550.asm
                   EECON1   0x000fa6       data     extern E:\3.45\pic18-lt\cxx-framework\src\traditional\proc\p18f4550.asm
               EECON1bits   0x000fa6       data     extern E:\3.45\pic18-lt\cxx-framework\src\traditional\proc\p18f4550.asm
                   EECON2   0x000fa7       data     extern E:\3.45\pic18-lt\cxx-framework\src\traditional\proc\p18f4550.asm
                   EEDATA   0x000fa8       data     extern E:\3.45\pic18-lt\cxx-framework\src\traditional\proc\p18f4550.asm
                    EEADR   0x000fa9       data     extern E:\3.45\pic18-lt\cxx-framework\src\traditional\proc\p18f4550.asm
                    RCSTA   0x000fab       data     extern E:\3.45\pic18-lt\cxx-framework\src\traditional\proc\p18f4550.asm
                RCSTAbits   0x000fab       data     extern E:\3.45\pic18-lt\cxx-framework\src\traditional\proc\p18f4550.asm
                    TXSTA   0x000fac       data     extern E:\3.45\pic18-lt\cxx-framework\src\traditional\proc\p18f4550.asm
                TXSTAbits   0x000fac       data     extern E:\3.45\pic18-lt\cxx-framework\src\traditional\proc\p18f4550.asm
                    TXREG   0x000fad       data     extern E:\3.45\pic18-lt\cxx-framework\src\traditional\proc\p18f4550.asm
                    RCREG   0x000fae       data     extern E:\3.45\pic18-lt\cxx-framework\src\traditional\proc\p18f4550.asm
                    SPBRG   0x000faf       data     extern E:\3.45\pic18-lt\cxx-framework\src\traditional\proc\p18f4550.asm
                   SPBRGH   0x000fb0       data     extern E:\3.45\pic18-lt\cxx-framework\src\traditional\proc\p18f4550.asm
                    T3CON   0x000fb1       data     extern E:\3.45\pic18-lt\cxx-framework\src\traditional\proc\p18f4550.asm
                T3CONbits   0x000fb1       data     extern E:\3.45\pic18-lt\cxx-framework\src\traditional\proc\p18f4550.asm
                    TMR3L   0x000fb2       data     extern E:\3.45\pic18-lt\cxx-framework\src\traditional\proc\p18f4550.asm
                    TMR3H   0x000fb3       data     extern E:\3.45\pic18-lt\cxx-framework\src\traditional\proc\p18f4550.asm
                    CMCON   0x000fb4       data     extern E:\3.45\pic18-lt\cxx-framework\src\traditional\proc\p18f4550.asm
                CMCONbits   0x000fb4       data     extern E:\3.45\pic18-lt\cxx-framework\src\traditional\proc\p18f4550.asm
               CVRCONbits   0x000fb5       data     extern E:\3.45\pic18-lt\cxx-framework\src\traditional\proc\p18f4550.asm
                   CVRCON   0x000fb5       data     extern E:\3.45\pic18-lt\cxx-framework\src\traditional\proc\p18f4550.asm
              ECCP1ASbits   0x000fb6       data     extern E:\3.45\pic18-lt\cxx-framework\src\traditional\proc\p18f4550.asm
               CCP1ASbits   0x000fb6       data     extern E:\3.45\pic18-lt\cxx-framework\src\traditional\proc\p18f4550.asm
                   CCP1AS   0x000fb6       data     extern E:\3.45\pic18-lt\cxx-framework\src\traditional\proc\p18f4550.asm
                  ECCP1AS   0x000fb6       data     extern E:\3.45\pic18-lt\cxx-framework\src\traditional\proc\p18f4550.asm
             ECCP1DELbits   0x000fb7       data     extern E:\3.45\pic18-lt\cxx-framework\src\traditional\proc\p18f4550.asm
                 ECCP1DEL   0x000fb7       data     extern E:\3.45\pic18-lt\cxx-framework\src\traditional\proc\p18f4550.asm
                  CCP1DEL   0x000fb7       data     extern E:\3.45\pic18-lt\cxx-framework\src\traditional\proc\p18f4550.asm
              CCP1DELbits   0x000fb7       data     extern E:\3.45\pic18-lt\cxx-framework\src\traditional\proc\p18f4550.asm
                  BAUDCTL   0x000fb8       data     extern E:\3.45\pic18-lt\cxx-framework\src\traditional\proc\p18f4550.asm
              BAUDCTLbits   0x000fb8       data     extern E:\3.45\pic18-lt\cxx-framework\src\traditional\proc\p18f4550.asm
              BAUDCONbits   0x000fb8       data     extern E:\3.45\pic18-lt\cxx-framework\src\traditional\proc\p18f4550.asm
                  BAUDCON   0x000fb8       data     extern E:\3.45\pic18-lt\cxx-framework\src\traditional\proc\p18f4550.asm
              CCP2CONbits   0x000fba       data     extern E:\3.45\pic18-lt\cxx-framework\src\traditional\proc\p18f4550.asm
                  CCP2CON   0x000fba       data     extern E:\3.45\pic18-lt\cxx-framework\src\traditional\proc\p18f4550.asm
                    CCPR2   0x000fbb       data     extern E:\3.45\pic18-lt\cxx-framework\src\traditional\proc\p18f4550.asm
                   CCPR2L   0x000fbb       data     extern E:\3.45\pic18-lt\cxx-framework\src\traditional\proc\p18f4550.asm
                   CCPR2H   0x000fbc       data     extern E:\3.45\pic18-lt\cxx-framework\src\traditional\proc\p18f4550.asm
              CCP1CONbits   0x000fbd       data     extern E:\3.45\pic18-lt\cxx-framework\src\traditional\proc\p18f4550.asm
                  CCP1CON   0x000fbd       data     extern E:\3.45\pic18-lt\cxx-framework\src\traditional\proc\p18f4550.asm
                 ECCP1CON   0x000fbd       data     extern E:\3.45\pic18-lt\cxx-framework\src\traditional\proc\p18f4550.asm
             ECCP1CONbits   0x000fbd       data     extern E:\3.45\pic18-lt\cxx-framework\src\traditional\proc\p18f4550.asm
                    CCPR1   0x000fbe       data     extern E:\3.45\pic18-lt\cxx-framework\src\traditional\proc\p18f4550.asm
                   CCPR1L   0x000fbe       data     extern E:\3.45\pic18-lt\cxx-framework\src\traditional\proc\p18f4550.asm
                   CCPR1H   0x000fbf       data     extern E:\3.45\pic18-lt\cxx-framework\src\traditional\proc\p18f4550.asm
               ADCON2bits   0x000fc0       data     extern E:\3.45\pic18-lt\cxx-framework\src\traditional\proc\p18f4550.asm
                   ADCON2   0x000fc0       data     extern E:\3.45\pic18-lt\cxx-framework\src\traditional\proc\p18f4550.asm
               ADCON1bits   0x000fc1       data     extern E:\3.45\pic18-lt\cxx-framework\src\traditional\proc\p18f4550.asm
                   ADCON1   0x000fc1       data     extern E:\3.45\pic18-lt\cxx-framework\src\traditional\proc\p18f4550.asm
                   ADCON0   0x000fc2       data     extern E:\3.45\pic18-lt\cxx-framework\src\traditional\proc\p18f4550.asm
               ADCON0bits   0x000fc2       data     extern E:\3.45\pic18-lt\cxx-framework\src\traditional\proc\p18f4550.asm
                    ADRES   0x000fc3       data     extern E:\3.45\pic18-lt\cxx-framework\src\traditional\proc\p18f4550.asm
                   ADRESL   0x000fc3       data     extern E:\3.45\pic18-lt\cxx-framework\src\traditional\proc\p18f4550.asm
                   ADRESH   0x000fc4       data     extern E:\3.45\pic18-lt\cxx-framework\src\traditional\proc\p18f4550.asm
                  SSPCON2   0x000fc5       data     extern E:\3.45\pic18-lt\cxx-framework\src\traditional\proc\p18f4550.asm
              SSPCON2bits   0x000fc5       data     extern E:\3.45\pic18-lt\cxx-framework\src\traditional\proc\p18f4550.asm
                  SSPCON1   0x000fc6       data     extern E:\3.45\pic18-lt\cxx-framework\src\traditional\proc\p18f4550.asm
              SSPCON1bits   0x000fc6       data     extern E:\3.45\pic18-lt\cxx-framework\src\traditional\proc\p18f4550.asm
              SSPSTATbits   0x000fc7       data     extern E:\3.45\pic18-lt\cxx-framework\src\traditional\proc\p18f4550.asm
                  SSPSTAT   0x000fc7       data     extern E:\3.45\pic18-lt\cxx-framework\src\traditional\proc\p18f4550.asm
                   SSPADD   0x000fc8       data     extern E:\3.45\pic18-lt\cxx-framework\src\traditional\proc\p18f4550.asm
                   SSPBUF   0x000fc9       data     extern E:\3.45\pic18-lt\cxx-framework\src\traditional\proc\p18f4550.asm
                T2CONbits   0x000fca       data     extern E:\3.45\pic18-lt\cxx-framework\src\traditional\proc\p18f4550.asm
                    T2CON   0x000fca       data     extern E:\3.45\pic18-lt\cxx-framework\src\traditional\proc\p18f4550.asm
                      PR2   0x000fcb       data     extern E:\3.45\pic18-lt\cxx-framework\src\traditional\proc\p18f4550.asm
                     TMR2   0x000fcc       data     extern E:\3.45\pic18-lt\cxx-framework\src\traditional\proc\p18f4550.asm
                T1CONbits   0x000fcd       data     extern E:\3.45\pic18-lt\cxx-framework\src\traditional\proc\p18f4550.asm
                    T1CON   0x000fcd       data     extern E:\3.45\pic18-lt\cxx-framework\src\traditional\proc\p18f4550.asm
                    TMR1L   0x000fce       data     extern E:\3.45\pic18-lt\cxx-framework\src\traditional\proc\p18f4550.asm
                    TMR1H   0x000fcf       data     extern E:\3.45\pic18-lt\cxx-framework\src\traditional\proc\p18f4550.asm
                     RCON   0x000fd0       data     extern E:\3.45\pic18-lt\cxx-framework\src\traditional\proc\p18f4550.asm
                 RCONbits   0x000fd0       data     extern E:\3.45\pic18-lt\cxx-framework\src\traditional\proc\p18f4550.asm
               WDTCONbits   0x000fd1       data     extern E:\3.45\pic18-lt\cxx-framework\src\traditional\proc\p18f4550.asm
                   WDTCON   0x000fd1       data     extern E:\3.45\pic18-lt\cxx-framework\src\traditional\proc\p18f4550.asm
                  HLVDCON   0x000fd2       data     extern E:\3.45\pic18-lt\cxx-framework\src\traditional\proc\p18f4550.asm
              HLVDCONbits   0x000fd2       data     extern E:\3.45\pic18-lt\cxx-framework\src\traditional\proc\p18f4550.asm
                   LVDCON   0x000fd2       data     extern E:\3.45\pic18-lt\cxx-framework\src\traditional\proc\p18f4550.asm
               LVDCONbits   0x000fd2       data     extern E:\3.45\pic18-lt\cxx-framework\src\traditional\proc\p18f4550.asm
                   OSCCON   0x000fd3       data     extern E:\3.45\pic18-lt\cxx-framework\src\traditional\proc\p18f4550.asm
               OSCCONbits   0x000fd3       data     extern E:\3.45\pic18-lt\cxx-framework\src\traditional\proc\p18f4550.asm
                T0CONbits   0x000fd5       data     extern E:\3.45\pic18-lt\cxx-framework\src\traditional\proc\p18f4550.asm
                    T0CON   0x000fd5       data     extern E:\3.45\pic18-lt\cxx-framework\src\traditional\proc\p18f4550.asm
                    TMR0L   0x000fd6       data     extern E:\3.45\pic18-lt\cxx-framework\src\traditional\proc\p18f4550.asm
                    TMR0H   0x000fd7       data     extern E:\3.45\pic18-lt\cxx-framework\src\traditional\proc\p18f4550.asm
                   STATUS   0x000fd8       data     extern E:\3.45\pic18-lt\cxx-framework\src\traditional\proc\p18f4550.asm
               STATUSbits   0x000fd8       data     extern E:\3.45\pic18-lt\cxx-framework\src\traditional\proc\p18f4550.asm
                     FSR2   0x000fd9       data     extern E:\3.45\pic18-lt\cxx-framework\src\traditional\proc\p18f4550.asm
                    FSR2L   0x000fd9       data     extern E:\3.45\pic18-lt\cxx-framework\src\traditional\proc\p18f4550.asm
                    FSR2H   0x000fda       data     extern E:\3.45\pic18-lt\cxx-framework\src\traditional\proc\p18f4550.asm
                   PLUSW2   0x000fdb       data     extern E:\3.45\pic18-lt\cxx-framework\src\traditional\proc\p18f4550.asm
                  PREINC2   0x000fdc       data     extern E:\3.45\pic18-lt\cxx-framework\src\traditional\proc\p18f4550.asm
                 POSTDEC2   0x000fdd       data     extern E:\3.45\pic18-lt\cxx-framework\src\traditional\proc\p18f4550.asm
                 POSTINC2   0x000fde       data     extern E:\3.45\pic18-lt\cxx-framework\src\traditional\proc\p18f4550.asm
                    INDF2   0x000fdf       data     extern E:\3.45\pic18-lt\cxx-framework\src\traditional\proc\p18f4550.asm
                      BSR   0x000fe0       data     extern E:\3.45\pic18-lt\cxx-framework\src\traditional\proc\p18f4550.asm
                    FSR1L   0x000fe1       data     extern E:\3.45\pic18-lt\cxx-framework\src\traditional\proc\p18f4550.asm
                     FSR1   0x000fe1       data     extern E:\3.45\pic18-lt\cxx-framework\src\traditional\proc\p18f4550.asm
                    FSR1H   0x000fe2       data     extern E:\3.45\pic18-lt\cxx-framework\src\traditional\proc\p18f4550.asm
                   PLUSW1   0x000fe3       data     extern E:\3.45\pic18-lt\cxx-framework\src\traditional\proc\p18f4550.asm
                  PREINC1   0x000fe4       data     extern E:\3.45\pic18-lt\cxx-framework\src\traditional\proc\p18f4550.asm
                 POSTDEC1   0x000fe5       data     extern E:\3.45\pic18-lt\cxx-framework\src\traditional\proc\p18f4550.asm
                 POSTINC1   0x000fe6       data     extern E:\3.45\pic18-lt\cxx-framework\src\traditional\proc\p18f4550.asm
                    INDF1   0x000fe7       data     extern E:\3.45\pic18-lt\cxx-framework\src\traditional\proc\p18f4550.asm
                     WREG   0x000fe8       data     extern E:\3.45\pic18-lt\cxx-framework\src\traditional\proc\p18f4550.asm
                    FSR0L   0x000fe9       data     extern E:\3.45\pic18-lt\cxx-framework\src\traditional\proc\p18f4550.asm
                     FSR0   0x000fe9       data     extern E:\3.45\pic18-lt\cxx-framework\src\traditional\proc\p18f4550.asm
                    FSR0H   0x000fea       data     extern E:\3.45\pic18-lt\cxx-framework\src\traditional\proc\p18f4550.asm
                   PLUSW0   0x000feb       data     extern E:\3.45\pic18-lt\cxx-framework\src\traditional\proc\p18f4550.asm
                  PREINC0   0x000fec       data     extern E:\3.45\pic18-lt\cxx-framework\src\traditional\proc\p18f4550.asm
                 POSTDEC0   0x000fed       data     extern E:\3.45\pic18-lt\cxx-framework\src\traditional\proc\p18f4550.asm
                 POSTINC0   0x000fee       data     extern E:\3.45\pic18-lt\cxx-framework\src\traditional\proc\p18f4550.asm
                    INDF0   0x000fef       data     extern E:\3.45\pic18-lt\cxx-framework\src\traditional\proc\p18f4550.asm
              INTCON3bits   0x000ff0       data     extern E:\3.45\pic18-lt\cxx-framework\src\traditional\proc\p18f4550.asm
                  INTCON3   0x000ff0       data     extern E:\3.45\pic18-lt\cxx-framework\src\traditional\proc\p18f4550.asm
              INTCON2bits   0x000ff1       data     extern E:\3.45\pic18-lt\cxx-framework\src\traditional\proc\p18f4550.asm
                  INTCON2   0x000ff1       data     extern E:\3.45\pic18-lt\cxx-framework\src\traditional\proc\p18f4550.asm
                   INTCON   0x000ff2       data     extern E:\3.45\pic18-lt\cxx-framework\src\traditional\proc\p18f4550.asm
               INTCONbits   0x000ff2       data     extern E:\3.45\pic18-lt\cxx-framework\src\traditional\proc\p18f4550.asm
                     PROD   0x000ff3       data     extern E:\3.45\pic18-lt\cxx-framework\src\traditional\proc\p18f4550.asm
                    PRODL   0x000ff3       data     extern E:\3.45\pic18-lt\cxx-framework\src\traditional\proc\p18f4550.asm
                    PRODH   0x000ff4       data     extern E:\3.45\pic18-lt\cxx-framework\src\traditional\proc\p18f4550.asm
                   TABLAT   0x000ff5       data     extern E:\3.45\pic18-lt\cxx-framework\src\traditional\proc\p18f4550.asm
                  TBLPTRL   0x000ff6       data     extern E:\3.45\pic18-lt\cxx-framework\src\traditional\proc\p18f4550.asm
                   TBLPTR   0x000ff6       data     extern E:\3.45\pic18-lt\cxx-framework\src\traditional\proc\p18f4550.asm
                  TBLPTRH   0x000ff7       data     extern E:\3.45\pic18-lt\cxx-framework\src\traditional\proc\p18f4550.asm
                  TBLPTRU   0x000ff8       data     extern E:\3.45\pic18-lt\cxx-framework\src\traditional\proc\p18f4550.asm
                       PC   0x000ff9       data     extern E:\3.45\pic18-lt\cxx-framework\src\traditional\proc\p18f4550.asm
                      PCL   0x000ff9       data     extern E:\3.45\pic18-lt\cxx-framework\src\traditional\proc\p18f4550.asm
                   PCLATH   0x000ffa       data     extern E:\3.45\pic18-lt\cxx-framework\src\traditional\proc\p18f4550.asm
                   PCLATU   0x000ffb       data     extern E:\3.45\pic18-lt\cxx-framework\src\traditional\proc\p18f4550.asm
               STKPTRbits   0x000ffc       data     extern E:\3.45\pic18-lt\cxx-framework\src\traditional\proc\p18f4550.asm
                   STKPTR   0x000ffc       data     extern E:\3.45\pic18-lt\cxx-framework\src\traditional\proc\p18f4550.asm
                      TOS   0x000ffd       data     extern E:\3.45\pic18-lt\cxx-framework\src\traditional\proc\p18f4550.asm
                     TOSL   0x000ffd       data     extern E:\3.45\pic18-lt\cxx-framework\src\traditional\proc\p18f4550.asm
                     TOSH   0x000ffe       data     extern E:\3.45\pic18-lt\cxx-framework\src\traditional\proc\p18f4550.asm
                     TOSU   0x000fff       data     extern E:\3.45\pic18-lt\cxx-framework\src\traditional\proc\p18f4550.asm


